Archive member included to satisfy reference by file (symbol)

c:/nxp/mcuxpressoide_11.5.0_7232/ide/plugins/com.nxp.mcuxpresso.tools.win32_11.5.0.202107051138/tools/bin/../lib/gcc/arm-none-eabi/10.3.1/../../../../arm-none-eabi/lib/thumb/v8-m.main+fp/hard\libcr_nohost_nf.a(_cr__main.o)
                              ./startup/startup_lpc55s69_cm33_core0.o (__main)
c:/nxp/mcuxpressoide_11.5.0_7232/ide/plugins/com.nxp.mcuxpresso.tools.win32_11.5.0.202107051138/tools/bin/../lib/gcc/arm-none-eabi/10.3.1/../../../../arm-none-eabi/lib/thumb/v8-m.main+fp/hard\libcr_c.a(memcpy.o)
                              ./utilities/fsl_debug_console.o (memcpy)
c:/nxp/mcuxpressoide_11.5.0_7232/ide/plugins/com.nxp.mcuxpresso.tools.win32_11.5.0.202107051138/tools/bin/../lib/gcc/arm-none-eabi/10.3.1/../../../../arm-none-eabi/lib/thumb/v8-m.main+fp/hard\libcr_c.a(memset.o)
                              ./drivers/fsl_clock.o (memset)
c:/nxp/mcuxpressoide_11.5.0_7232/ide/plugins/com.nxp.mcuxpresso.tools.win32_11.5.0.202107051138/tools/bin/../lib/gcc/arm-none-eabi/10.3.1/../../../../arm-none-eabi/lib/thumb/v8-m.main+fp/hard\libcr_c.a(alloc.o)
                              ./drivers/fsl_common.o (malloc)
c:/nxp/mcuxpressoide_11.5.0_7232/ide/plugins/com.nxp.mcuxpresso.tools.win32_11.5.0.202107051138/tools/bin/../lib/gcc/arm-none-eabi/10.3.1/../../../../arm-none-eabi/lib/thumb/v8-m.main+fp/hard\libcr_c.a(initio.o)
                              c:/nxp/mcuxpressoide_11.5.0_7232/ide/plugins/com.nxp.mcuxpresso.tools.win32_11.5.0.202107051138/tools/bin/../lib/gcc/arm-none-eabi/10.3.1/../../../../arm-none-eabi/lib/thumb/v8-m.main+fp/hard\libcr_nohost_nf.a(_cr__main.o) (_initio)
c:/nxp/mcuxpressoide_11.5.0_7232/ide/plugins/com.nxp.mcuxpresso.tools.win32_11.5.0.202107051138/tools/bin/../lib/gcc/arm-none-eabi/10.3.1/../../../../arm-none-eabi/lib/thumb/v8-m.main+fp/hard\libcr_c.a(setvbuf.o)
                              c:/nxp/mcuxpressoide_11.5.0_7232/ide/plugins/com.nxp.mcuxpresso.tools.win32_11.5.0.202107051138/tools/bin/../lib/gcc/arm-none-eabi/10.3.1/../../../../arm-none-eabi/lib/thumb/v8-m.main+fp/hard\libcr_c.a(initio.o) (setvbuf)
c:/nxp/mcuxpressoide_11.5.0_7232/ide/plugins/com.nxp.mcuxpresso.tools.win32_11.5.0.202107051138/tools/bin/../lib/gcc/arm-none-eabi/10.3.1/../../../../arm-none-eabi/lib/thumb/v8-m.main+fp/hard\libcr_c.a(strlen.o)
                              ./utilities/fsl_debug_console.o (strlen)
c:/nxp/mcuxpressoide_11.5.0_7232/ide/plugins/com.nxp.mcuxpresso.tools.win32_11.5.0.202107051138/tools/bin/../lib/gcc/arm-none-eabi/10.3.1/../../../../arm-none-eabi/lib/thumb/v8-m.main+fp/hard\libcr_c.a(__init_alloc.o)
                              c:/nxp/mcuxpressoide_11.5.0_7232/ide/plugins/com.nxp.mcuxpresso.tools.win32_11.5.0.202107051138/tools/bin/../lib/gcc/arm-none-eabi/10.3.1/../../../../arm-none-eabi/lib/thumb/v8-m.main+fp/hard\libcr_c.a(alloc.o) (__heaps)
c:/nxp/mcuxpressoide_11.5.0_7232/ide/plugins/com.nxp.mcuxpresso.tools.win32_11.5.0.202107051138/tools/bin/../lib/gcc/arm-none-eabi/10.3.1/../../../../arm-none-eabi/lib/thumb/v8-m.main+fp/hard\libcr_c.a(_cr_sbrk.o)
                              c:/nxp/mcuxpressoide_11.5.0_7232/ide/plugins/com.nxp.mcuxpresso.tools.win32_11.5.0.202107051138/tools/bin/../lib/gcc/arm-none-eabi/10.3.1/../../../../arm-none-eabi/lib/thumb/v8-m.main+fp/hard\libcr_c.a(alloc.o) (_sbrk)
c:/nxp/mcuxpressoide_11.5.0_7232/ide/plugins/com.nxp.mcuxpresso.tools.win32_11.5.0.202107051138/tools/bin/../lib/gcc/arm-none-eabi/10.3.1/../../../../arm-none-eabi/lib/thumb/v8-m.main+fp/hard\libcr_c.a(_fdopen.o)
                              c:/nxp/mcuxpressoide_11.5.0_7232/ide/plugins/com.nxp.mcuxpresso.tools.win32_11.5.0.202107051138/tools/bin/../lib/gcc/arm-none-eabi/10.3.1/../../../../arm-none-eabi/lib/thumb/v8-m.main+fp/hard\libcr_c.a(initio.o) (_fdopen)
c:/nxp/mcuxpressoide_11.5.0_7232/ide/plugins/com.nxp.mcuxpresso.tools.win32_11.5.0.202107051138/tools/bin/../lib/gcc/arm-none-eabi/10.3.1/../../../../arm-none-eabi/lib/thumb/v8-m.main+fp/hard\libcr_c.a(errno.o)
                              c:/nxp/mcuxpressoide_11.5.0_7232/ide/plugins/com.nxp.mcuxpresso.tools.win32_11.5.0.202107051138/tools/bin/../lib/gcc/arm-none-eabi/10.3.1/../../../../arm-none-eabi/lib/thumb/v8-m.main+fp/hard\libcr_c.a(_cr_sbrk.o) (errno)
c:/nxp/mcuxpressoide_11.5.0_7232/ide/plugins/com.nxp.mcuxpresso.tools.win32_11.5.0.202107051138/tools/bin/../lib/gcc/arm-none-eabi/10.3.1/../../../../arm-none-eabi/lib/thumb/v8-m.main+fp/hard\libcr_c.a(fclose.o)
                              c:/nxp/mcuxpressoide_11.5.0_7232/ide/plugins/com.nxp.mcuxpresso.tools.win32_11.5.0.202107051138/tools/bin/../lib/gcc/arm-none-eabi/10.3.1/../../../../arm-none-eabi/lib/thumb/v8-m.main+fp/hard\libcr_c.a(initio.o) (fclose)
c:/nxp/mcuxpressoide_11.5.0_7232/ide/plugins/com.nxp.mcuxpresso.tools.win32_11.5.0.202107051138/tools/bin/../lib/gcc/arm-none-eabi/10.3.1/../../../../arm-none-eabi/lib/thumb/v8-m.main+fp/hard\libcr_c.a(fflush.o)
[...]
Memory Configuration

Name             Origin             Length             Attributes
PROGRAM_FLASH    0x00000000         0x0009d800         xr
SRAM             0x20000000         0x00040000         xrw
SRAMX            0x04000000         0x00008000         xrw
USB_RAM          0x40100000         0x00004000         xrw
SRAM4            0x20040000         0x00004000         xrw
*default*        0x00000000         0xffffffff

Linker script and memory map

LOAD ./utilities/fsl_assert.o
LOAD ./utilities/fsl_debug_console.o
LOAD ./usb/phy/usb_phy.o
LOAD ./usb/device/source/lpcip3511/usb_device_lpcip3511.o
LOAD ./usb/device/source/usb_device_ch9.o
LOAD ./usb/device/source/usb_device_dci.o
LOAD ./usb/device/class/cdc/usb_device_cdc_acm.o
LOAD ./usb/device/class/usb_device_class.o
LOAD ./startup/boot_multicore_slave.o
LOAD ./startup/startup_lpc55s69_cm33_core0.o
LOAD ./source/semihost_hardfault.o
LOAD ./source/usb_device_descriptor.o
LOAD ./source/virtual_com.o
LOAD ./drivers/fsl_clock.o
LOAD ./drivers/fsl_common.o
LOAD ./drivers/fsl_common_arm.o
LOAD ./drivers/fsl_flexcomm.o
LOAD ./drivers/fsl_gpio.o
LOAD ./drivers/fsl_power.o
LOAD ./drivers/fsl_reset.o
LOAD ./drivers/fsl_usart.o
LOAD ./device/system_LPC55S69_cm33_core0.o
LOAD ./component/uart/fsl_adapter_usart.o
LOAD ./component/osa/fsl_os_abstraction_bm.o
LOAD ./component/lists/fsl_component_generic_list.o
LOAD ./board/board.o
LOAD ./board/clock_config.o
LOAD ./board/pin_mux.o
START GROUP
LOAD c:/nxp/mcuxpressoide_11.5.0_7232/ide/plugins/com.nxp.mcuxpresso.tools.win32_11.5.0.202107051138/tools/bin/../lib/gcc/arm-none-eabi/10.3.1/../../../../arm-none-eabi/lib/thumb/v8-m.main+fp/hard\libcr_nohost_nf.a
LOAD c:/nxp/mcuxpressoide_11.5.0_7232/ide/plugins/com.nxp.mcuxpresso.tools.win32_11.5.0.202107051138/tools/bin/../lib/gcc/arm-none-eabi/10.3.1/../../../../arm-none-eabi/lib/thumb/v8-m.main+fp/hard\libcr_c.a
LOAD c:/nxp/mcuxpressoide_11.5.0_7232/ide/plugins/com.nxp.mcuxpresso.tools.win32_11.5.0.202107051138/tools/bin/../lib/gcc/arm-none-eabi/10.3.1/thumb/v8-m.main+fp/hard\libcr_eabihelpers.a
LOAD c:/nxp/mcuxpressoide_11.5.0_7232/ide/plugins/com.nxp.mcuxpresso.tools.win32_11.5.0.202107051138/tools/bin/../lib/gcc/arm-none-eabi/10.3.1/thumb/v8-m.main+fp/hard\libgcc.a
END GROUP
                0x00000000                __base_PROGRAM_FLASH = 0x0
                0x00000000                __base_Flash = 0x0
                0x0009d800                __top_PROGRAM_FLASH = 0x9d800
                0x0009d800                __top_Flash = 0x9d800
                0x20000000                __base_SRAM = 0x20000000
                0x20000000                __base_RAM = 0x20000000
                0x20040000                __top_SRAM = 0x20040000
                0x20040000                __top_RAM = 0x20040000
                0x04000000                __base_SRAMX = 0x4000000
                0x04000000                __base_RAM2 = 0x4000000
                0x04008000                __top_SRAMX = 0x4008000
                0x04008000                __top_RAM2 = 0x4008000
                0x40100000                __base_USB_RAM = 0x40100000
                0x40100000                __base_RAM3 = 0x40100000
                0x40104000                __top_USB_RAM = 0x40104000
                0x40104000                __top_RAM3 = 0x40104000
                0x20040000                __base_SRAM4 = 0x20040000
                0x20040000                __base_RAM4 = 0x20040000
                0x20044000                __top_SRAM4 = 0x20044000
                0x20044000                __top_RAM4 = 0x20044000

.text           0x00000000     0x841c
 FILL mask 0xff
                0x00000000                __vectors_start__ = ABSOLUTE (.)
 *(SORT_BY_ALIGNMENT(.isr_vector))
 .isr_vector    0x00000000      0x130 ./startup/startup_lpc55s69_cm33_core0.o
                0x00000000                g_pfnVectors
                0x00000000                __Vectors
                0x00000130                . = ALIGN (0x4)
                0x00000130                __section_table_start = .
                0x00000130                __data_section_table = .
                0x00000130        0x4 LONG 0x841c LOADADDR (.data)
                0x00000134        0x4 LONG 0x20000000 ADDR (.data)
                0x00000138        0x4 LONG 0x168 SIZEOF (.data)
                0x0000013c        0x4 LONG 0x841c LOADADDR (.data_RAM2)
                0x00000140        0x4 LONG 0x4000000 ADDR (.data_RAM2)
                0x00000144        0x4 LONG 0x0 SIZEOF (.data_RAM2)
                0x00000148        0x4 LONG 0x841c LOADADDR (.data_RAM3)
                0x0000014c        0x4 LONG 0x40103528 ADDR (.data_RAM3)
                0x00000150        0x4 LONG 0x0 SIZEOF (.data_RAM3)
                0x00000154        0x4 LONG 0x841c LOADADDR (.data_RAM4)
                0x00000158        0x4 LONG 0x20040000 ADDR (.data_RAM4)
                0x0000015c        0x4 LONG 0x0 SIZEOF (.data_RAM4)
                0x00000160                __data_section_table_end = .
                0x00000160                __bss_section_table = .
                0x00000160        0x4 LONG 0x20000168 ADDR (.bss)
                0x00000164        0x4 LONG 0x320 SIZEOF (.bss)
                0x00000168        0x4 LONG 0x4000000 ADDR (.bss_RAM2)
                0x0000016c        0x4 LONG 0x0 SIZEOF (.bss_RAM2)
                0x00000170        0x4 LONG 0x40103528 ADDR (.bss_RAM3)
                0x00000174        0x4 LONG 0x0 SIZEOF (.bss_RAM3)
                0x00000178        0x4 LONG 0x20040000 ADDR (.bss_RAM4)
                0x0000017c        0x4 LONG 0x0 SIZEOF (.bss_RAM4)
                0x00000180                __bss_section_table_end = .
                0x00000180                __section_table_end = .
 *(SORT_BY_ALIGNMENT(.after_vectors*))
 .after_vectors.reset
                0x00000180       0x68 ./startup/startup_lpc55s69_cm33_core0.o
                0x00000180                ResetISR
 .after_vectors.init_data
                0x000001e8       0x1e ./startup/startup_lpc55s69_cm33_core0.o
                0x000001e8                data_init
 .after_vectors.init_bss
                0x00000206       0x12 ./startup/startup_lpc55s69_cm33_core0.o
                0x00000206                bss_init
 .after_vectors
                0x00000218       0x16 ./startup/startup_lpc55s69_cm33_core0.o
                0x00000218                NMI_Handler
                0x0000021c                MemManage_Handler
                0x0000021e                BusFault_Handler
                0x00000220                UsageFault_Handler
                0x00000222                SecureFault_Handler
                0x00000224                SVC_Handler
                0x00000226                DebugMon_Handler
                0x00000228                PendSV_Handler
                0x0000022a                SysTick_Handler
                0x0000022c                Reserved56_DriverIRQHandler
                0x0000022c                PIN_INT0_DriverIRQHandler
                0x0000022c                CTIMER2_DriverIRQHandler
                0x0000022c                PIN_INT2_DriverIRQHandler
                0x0000022c                PIN_INT3_DriverIRQHandler
                0x0000022c                IntDefaultHandler
                0x0000022c                USB0_DriverIRQHandler
                0x0000022c                CASER_DriverIRQHandler
                0x0000022c                MRT0_DriverIRQHandler
                0x0000022c                UTICK0_DriverIRQHandler
                0x0000022c                Reserved41_DriverIRQHandler
                0x0000022c                PIN_INT4_DriverIRQHandler
                0x0000022c                PIN_INT5_DriverIRQHandler
                0x0000022c                SEC_GPIO_INT0_IRQ0_DriverIRQHandler
                0x0000022c                CTIMER4_DriverIRQHandler
                0x0000022c                GINT1_DriverIRQHandler
                0x0000022c                PIN_INT7_DriverIRQHandler
                0x0000022c                Reserved55_DriverIRQHandler
                0x0000022c                SEC_VIO_DriverIRQHandler
                0x0000022c                USB0_NEEDCLK_DriverIRQHandler
                0x0000022c                CTIMER0_DriverIRQHandler
                0x0000022c                CTIMER1_DriverIRQHandler
                0x0000022c                Reserved42_DriverIRQHandler
                0x0000022c                PIN_INT6_DriverIRQHandler
                0x0000022c                PQ_DriverIRQHandler
                0x0000022c                MAILBOX_DriverIRQHandler
                0x0000022c                PIN_INT1_DriverIRQHandler
                0x0000022c                CTIMER3_DriverIRQHandler
                0x0000022c                Reserved61_DriverIRQHandler
                0x0000022c                SEC_GPIO_INT0_IRQ1_DriverIRQHandler
                0x0000022c                PUF_DriverIRQHandler
                0x0000022c                RTC_DriverIRQHandler
                0x0000022c                DMA0_DriverIRQHandler
                0x0000022c                Reserved39_DriverIRQHandler
                0x0000022c                USB1_DriverIRQHandler
                0x0000022c                Reserved60_DriverIRQHandler
                0x0000022c                DMA1_DriverIRQHandler
                0x0000022c                ADC0_DriverIRQHandler
                0x0000022c                USB1_NEEDCLK_DriverIRQHandler
                0x0000022c                Reserved59_DriverIRQHandler
                0x0000022c                SDIO_DriverIRQHandler
                0x0000022c                GINT0_DriverIRQHandler
                0x0000022c                USB1_PHY_DriverIRQHandler
                0x0000022c                ACMP_DriverIRQHandler
                0x0000022c                Reserved57_DriverIRQHandler
                0x0000022c                HASHCRYPT_DriverIRQHandler
                0x0000022c                Reserved46_DriverIRQHandler
                0x0000022c                WDT_BOD_DriverIRQHandler
                0x0000022c                SCT0_DriverIRQHandler
                0x0000022c                PLU_DriverIRQHandler
                0x0000022c                OS_EVENT_DriverIRQHandler
                0x0000022c                SEC_HYPERVISOR_CALL_DriverIRQHandler
 *(SORT_BY_ALIGNMENT(.text*))
 *fill*         0x0000022e        0x2 ff
 .text.__assertion_failed
                0x00000230       0x18 ./utilities/fsl_assert.o
                0x00000230                __assertion_failed
 .text.DbgConsole_Init
                0x00000248       0x74 ./utilities/fsl_debug_console.o
                0x00000248                DbgConsole_Init
 .text.DbgConsole_Vprintf
                0x000002bc       0x3c ./utilities/fsl_debug_console.o
                0x000002bc                DbgConsole_Vprintf
 .text.DbgConsole_Putchar
                0x000002f8       0x30 ./utilities/fsl_debug_console.o
                0x000002f8                DbgConsole_Putchar
 .text.DbgConsole_PrintfFormattedData
                0x00000328      0x3e0 ./utilities/fsl_debug_console.o
 .text.USB_DeviceLpcIp3511MallocMaxPacketBuffer
                0x00000708       0xf8 ./usb/device/source/lpcip3511/usb_device_lpcip3511.o
 .text.USB_DeviceLpcIp3511ReleaseMaxPacketBuffer
                0x00000800       0x9c ./usb/device/source/lpcip3511/usb_device_lpcip3511.o
 .text.USB_DeviceLpc3511IpSetDefaultState
                0x0000089c       0xd0 ./usb/device/source/lpcip3511/usb_device_lpcip3511.o
 .text.USB_DeviceLpc3511IpInit
                0x0000096c       0xf0 ./usb/device/source/lpcip3511/usb_device_lpcip3511.o
                0x0000096c                USB_DeviceLpc3511IpInit
 .text.USB_DeviceLpc3511IpDeinit
                0x00000a5c       0x8c ./usb/device/source/lpcip3511/usb_device_lpcip3511.o
                0x00000a5c                USB_DeviceLpc3511IpDeinit
 .text.USB_DeviceLpc3511IpControl
                0x00000ae8      0x250 ./usb/device/source/lpcip3511/usb_device_lpcip3511.o
                0x00000ae8                USB_DeviceLpc3511IpControl
 .text.USB_DeviceControlCallback
                0x00000d38      0x3e4 ./usb/device/source/usb_device_ch9.o
 .text.USB_DeviceControlPipeInit
                0x0000111c       0x7c ./usb/device/source/usb_device_ch9.o
                0x0000111c                USB_DeviceControlPipeInit
 .text.USB_DeviceAllocateHandle
                0x00001198       0xd4 ./usb/device/source/usb_device_dci.o
 .text.USB_DeviceGetControllerInterface
                0x0000126c       0x48 ./usb/device/source/usb_device_dci.o
 .text.USB_DeviceGetStatus
                0x000012b4       0xcc ./usb/device/source/usb_device_dci.o
                0x000012b4                USB_DeviceGetStatus
 .text.USB_DeviceSetStatus
                0x00001380      0x118 ./usb/device/source/usb_device_dci.o
                0x00001380                USB_DeviceSetStatus
 .text.USB_DeviceCdcAcmAllocateHandle
                0x00001498       0x58 ./usb/device/class/cdc/usb_device_cdc_acm.o
 .text.USB_DeviceCdcAcmEndpointsInit
                0x000014f0      0x3b4 ./usb/device/class/cdc/usb_device_cdc_acm.o
 .text.USB_DeviceCdcAcmEvent
                0x000018a4      0x71c ./usb/device/class/cdc/usb_device_cdc_acm.o
                0x000018a4                USB_DeviceCdcAcmEvent
 .text.USB_DeviceClassAllocateHandle
                0x00001fc0       0xcc ./usb/device/class/usb_device_class.o
 .text.USB_DeviceClassFreeHandle
                0x0000208c       0x94 ./usb/device/class/usb_device_class.o
 .text.USB_DeviceClassGetHandleByDeviceHandle
                0x00002120       0x68 ./usb/device/class/usb_device_class.o
 .text.USB_DeviceClassGetDeviceHandle
                0x00002188       0x7c ./usb/device/class/usb_device_class.o
                0x00002188                USB_DeviceClassGetDeviceHandle
 .text.USB_DeviceClassEvent
                0x00002204       0xdc ./usb/device/class/usb_device_class.o
                0x00002204                USB_DeviceClassEvent
 .text.USB_DeviceClassInit
                0x000022e0      0x118 ./usb/device/class/usb_device_class.o
                0x000022e0                USB_DeviceClassInit
 .text.USB_DeviceGetDeviceDescriptor
                0x000023f8       0x28 ./source/usb_device_descriptor.o
                0x000023f8                USB_DeviceGetDeviceDescriptor
 .text.USB_DeviceGetConfigurationDescriptor
                0x00002420       0x34 ./source/usb_device_descriptor.o
                0x00002420                USB_DeviceGetConfigurationDescriptor
 .text.USB_DeviceGetStringDescriptor
                0x00002454       0xc0 ./source/usb_device_descriptor.o
                0x00002454                USB_DeviceGetStringDescriptor
 .text.__NVIC_EnableIRQ
                0x00002514       0x3c ./source/virtual_com.o
 .text.__NVIC_ClearPendingIRQ
                0x00002550       0x3c ./source/virtual_com.o
 .text.__NVIC_SetPriority
                0x0000258c       0x54 ./source/virtual_com.o
 .text.POWER_DisablePD
                0x000025e0       0x20 ./source/virtual_com.o
 .text.POWER_SetBodVbatLevel
                0x00002600       0x58 ./source/virtual_com.o
 .text.USB0_IRQHandler
                0x00002658       0x18 ./source/virtual_com.o
                0x00002658                USB0_IRQHandler
 .text.USB_DeviceCdcVcomCallback
                0x00002670      0x35c ./source/virtual_com.o
                0x00002670                USB_DeviceCdcVcomCallback
 .text.USB_DeviceCallback
                0x000029cc      0x1e8 ./source/virtual_com.o
                0x000029cc                USB_DeviceCallback
 .text.APPInit  0x00002bb4       0x78 ./source/virtual_com.o
 .text.APPTask  0x00002c2c       0xb4 ./source/virtual_com.o
 .text.main     0x00002ce0       0xd4 ./source/virtual_com.o
                0x00002ce0                main
 .text.POWER_EnablePD
                0x00002db4       0x20 ./drivers/fsl_clock.o
 .text.POWER_DisablePD
                0x00002dd4       0x20 ./drivers/fsl_clock.o
 .text.CLOCK_AttachClk
                0x00002df4       0x98 ./drivers/fsl_clock.o
                0x00002df4                CLOCK_AttachClk
 .text.CLOCK_SetClkDiv
                0x00002e8c       0x80 ./drivers/fsl_clock.o
                0x00002e8c                CLOCK_SetClkDiv
 .text.CLOCK_SetupFROClocking
                0x00002f0c       0x80 ./drivers/fsl_clock.o
                0x00002f0c                CLOCK_SetupFROClocking
 .text.CLOCK_SetFLASHAccessCyclesForFreq
                0x00002f8c      0x148 ./drivers/fsl_clock.o
                0x00002f8c                CLOCK_SetFLASHAccessCyclesForFreq
 .text.CLOCK_SetupExtClocking
                0x000030d4       0x50 ./drivers/fsl_clock.o
                0x000030d4                CLOCK_SetupExtClocking
 .text.CLOCK_GetFro1MFreq
                0x00003124       0x28 ./drivers/fsl_clock.o
                0x00003124                CLOCK_GetFro1MFreq
 .text.CLOCK_GetExtClkFreq
                0x0000314c       0x2c ./drivers/fsl_clock.o
                0x0000314c                CLOCK_GetExtClkFreq
 .text.CLOCK_GetFroHfFreq
                0x00003178       0x28 ./drivers/fsl_clock.o
                0x00003178                CLOCK_GetFroHfFreq
 .text.CLOCK_GetOsc32KFreq
                0x000031a0       0x58 ./drivers/fsl_clock.o
                0x000031a0                CLOCK_GetOsc32KFreq
 .text.CLOCK_GetPLL0InClockRate
                0x000031f8       0x64 ./drivers/fsl_clock.o
                0x000031f8                CLOCK_GetPLL0InClockRate
 .text.CLOCK_GetPLL1InClockRate
                0x0000325c       0x64 ./drivers/fsl_clock.o
                0x0000325c                CLOCK_GetPLL1InClockRate
 .text.CLOCK_SetPLL0Freq
                0x000032c0      0x12c ./drivers/fsl_clock.o
                0x000032c0                CLOCK_SetPLL0Freq
 .text.CLOCK_SetPLL1Freq
                0x000033ec       0xec ./drivers/fsl_clock.o
                0x000033ec                CLOCK_SetPLL1Freq
 .text.CLOCK_EnableUsbfs0DeviceClock
                0x000034d8      0x11c ./drivers/fsl_clock.o
                0x000034d8                CLOCK_EnableUsbfs0DeviceClock
 .text.SDK_DelayAtLeastUs
                0x000035f4       0x8c ./drivers/fsl_common_arm.o
                0x000035f4                SDK_DelayAtLeastUs
 .text.FLEXCOMM_GetInstance
                0x00003680       0x50 ./drivers/fsl_flexcomm.o
                0x00003680                FLEXCOMM_GetInstance
 .text.FLEXCOMM_Init
                0x000036d0       0x50 ./drivers/fsl_flexcomm.o
                0x000036d0                FLEXCOMM_Init
 .text.FLEXCOMM0_DriverIRQHandler
                0x00003720       0x5c ./drivers/fsl_flexcomm.o
                0x00003720                FLEXCOMM0_DriverIRQHandler
 .text.FLEXCOMM1_DriverIRQHandler
                0x0000377c       0x5c ./drivers/fsl_flexcomm.o
                0x0000377c                FLEXCOMM1_DriverIRQHandler
 .text.FLEXCOMM2_DriverIRQHandler
                0x000037d8       0x5c ./drivers/fsl_flexcomm.o
                0x000037d8                FLEXCOMM2_DriverIRQHandler
 .text.FLEXCOMM3_DriverIRQHandler
                0x00003834       0x5c ./drivers/fsl_flexcomm.o
                0x00003834                FLEXCOMM3_DriverIRQHandler
 .text.FLEXCOMM4_DriverIRQHandler
                0x00003890       0x5c ./drivers/fsl_flexcomm.o
                0x00003890                FLEXCOMM4_DriverIRQHandler
 .text.FLEXCOMM5_DriverIRQHandler
                0x000038ec       0x5c ./drivers/fsl_flexcomm.o
                0x000038ec                FLEXCOMM5_DriverIRQHandler
 .text.FLEXCOMM6_DriverIRQHandler
                0x00003948       0x5c ./drivers/fsl_flexcomm.o
                0x00003948                FLEXCOMM6_DriverIRQHandler
 .text.FLEXCOMM7_DriverIRQHandler
                0x000039a4       0x5c ./drivers/fsl_flexcomm.o
                0x000039a4                FLEXCOMM7_DriverIRQHandler
 .text.FLEXCOMM8_DriverIRQHandler
                0x00003a00       0x5c ./drivers/fsl_flexcomm.o
                0x00003a00                FLEXCOMM8_DriverIRQHandler
 .text.lowpower_set_system_voltage
                0x00003a5c      0x154 ./drivers/fsl_power.o
 .text.lowpower_set_dcdc_power_profile
                0x00003bb0       0xec ./drivers/fsl_power.o
 .text.lowpower_get_part_process_corner
                0x00003c9c       0x94 ./drivers/fsl_power.o
 .text.POWER_SetVoltageForFreq
                0x00003d30       0x50 ./drivers/fsl_power.o
                0x00003d30                POWER_SetVoltageForFreq
 .text.RESET_SetPeripheralReset
                0x00003d80       0x5c ./drivers/fsl_reset.o
                0x00003d80                RESET_SetPeripheralReset
 .text.RESET_ClearPeripheralReset
                0x00003ddc       0x60 ./drivers/fsl_reset.o
                0x00003ddc                RESET_ClearPeripheralReset
 .text.USART_Init
                0x00003e3c      0x1cc ./drivers/fsl_usart.o
                0x00003e3c                USART_Init
 .text.USART_GetDefaultConfig
                0x00004008       0x80 ./drivers/fsl_usart.o
                0x00004008                USART_GetDefaultConfig
 .text.USART_SetBaudRate
                0x00004088      0x174 ./drivers/fsl_usart.o
                0x00004088                USART_SetBaudRate
 .text.USART_WriteBlocking
                0x000041fc       0x8c ./drivers/fsl_usart.o
                0x000041fc                USART_WriteBlocking
 .text.USART_ReadBlocking
                0x00004288      0x104 ./drivers/fsl_usart.o
                0x00004288                USART_ReadBlocking
 .text.SystemInit
                0x0000438c       0x64 ./device/system_LPC55S69_cm33_core0.o
                0x0000438c                SystemInit
 .text.HAL_UartInitCommon
                0x000043f0      0x110 ./component/uart/fsl_adapter_usart.o
 .text.HAL_UartReceiveBlocking
                0x00004500       0x6c ./component/uart/fsl_adapter_usart.o
                0x00004500                HAL_UartReceiveBlocking
 .text.HAL_UartSendBlocking
                0x0000456c       0x64 ./component/uart/fsl_adapter_usart.o
                0x0000456c                HAL_UartSendBlocking
 .text.OSA_MutexCreate
                0x000045d0       0x34 ./component/osa/fsl_os_abstraction_bm.o
                0x000045d0                OSA_MutexCreate
 .text.OSA_MutexDestroy
                0x00004604       0x30 ./component/osa/fsl_os_abstraction_bm.o
                0x00004604                OSA_MutexDestroy
 .text.BOARD_InitDebugConsole
                0x00004634       0x38 ./board/board.o
                0x00004634                BOARD_InitDebugConsole
 .text.POWER_DisablePD
                0x0000466c       0x20 ./board/clock_config.o
 .text.BOARD_BootClockPLL150M
                0x0000468c       0xc8 ./board/clock_config.o
                0x0000468c                BOARD_BootClockPLL150M
 .text.BOARD_InitPins
                0x00004754       0x50 ./board/pin_mux.o
                0x00004754                BOARD_InitPins
 .text._initio  0x000047a4       0x78 c:/nxp/mcuxpressoide_11.5.0_7232/ide/plugins/com.nxp.mcuxpresso.tools.win32_11.5.0.202107051138/tools/bin/../lib/gcc/arm-none-eabi/10.3.1/../../../../arm-none-eabi/lib/thumb/v8-m.main+fp/hard\libcr_c.a(initio.o)
                0x000047a4                _initio
 .text.fflush   0x0000481c       0x3c c:/nxp/mcuxpressoide_11.5.0_7232/ide/plugins/com.nxp.mcuxpresso.tools.win32_11.5.0.202107051138/tools/bin/../lib/gcc/arm-none-eabi/10.3.1/../../../../arm-none-eabi/lib/thumb/v8-m.main+fp/hard\libcr_c.a(fflush.o)
                0x0000481c                fflush
 .text.fseek    0x00004858       0xfc c:/nxp/mcuxpressoide_11.5.0_7232/ide/plugins/com.nxp.mcuxpresso.tools.win32_11.5.0.202107051138/tools/bin/../lib/gcc/arm-none-eabi/10.3.1/../../../../arm-none-eabi/lib/thumb/v8-m.main+fp/hard\libcr_c.a(fseek.o)
                0x00004858                fseek
 .text.ftell    0x00004954       0x44 c:/nxp/mcuxpressoide_11.5.0_7232/ide/plugins/com.nxp.mcuxpresso.tools.win32_11.5.0.202107051138/tools/bin/../lib/gcc/arm-none-eabi/10.3.1/../../../../arm-none-eabi/lib/thumb/v8-m.main+fp/hard\libcr_c.a(ftell.o)
                0x00004954                ftell
 .text._Cwritebuf
                0x00004998       0x6c c:/nxp/mcuxpressoide_11.5.0_7232/ide/plugins/com.nxp.mcuxpresso.tools.win32_11.5.0.202107051138/tools/bin/../lib/gcc/arm-none-eabi/10.3.1/../../../../arm-none-eabi/lib/thumb/v8-m.main+fp/hard\libcr_c.a(_writebuf.o)
                0x00004998                _Cwritebuf
 .text.DbgConsole_Printf
                0x00004a04       0x2c ./utilities/fsl_debug_console.o
                0x00004a04                DbgConsole_Printf
 .text.DbgConsole_PrintfPaddingCharacter
                0x00004a30       0x40 ./utilities/fsl_debug_console.o
 .text.DbgConsole_ConvertRadixNumToString
                0x00004a70       0xc2 ./utilities/fsl_debug_console.o
 .text.USB_DeviceLpcIp3511MaxPacketNeedCopy
                0x00004b32       0x16 ./usb/device/source/lpcip3511/usb_device_lpcip3511.o
 .text.USB_DeviceLpc3511IpGetEndpointStateStruct
                0x00004b48       0x34 ./usb/device/source/lpcip3511/usb_device_lpcip3511.o
 .text.USB_DeviceLpc3511IpEndpointPrime
                0x00004b7c      0x126 ./usb/device/source/lpcip3511/usb_device_lpcip3511.o
 .text.USB_DeviceLpc3511IpEndpointInit
                0x00004ca2      0x1b0 ./usb/device/source/lpcip3511/usb_device_lpcip3511.o
 .text.USB_DeviceLpc3511IpEndpointDeinit
                0x00004e52       0xb8 ./usb/device/source/lpcip3511/usb_device_lpcip3511.o
 .text.USB_DeviceLpc3511IpEndpointStall
                0x00004f0a      0x118 ./usb/device/source/lpcip3511/usb_device_lpcip3511.o
 .text.USB_DeviceLpc3511IpEndpointUnstall
                0x00005022       0xe4 ./usb/device/source/lpcip3511/usb_device_lpcip3511.o
 .text.USB_DeviceLpc3511IpDoPreviousTransactionMemcpy
                0x00005106       0x84 ./usb/device/source/lpcip3511/usb_device_lpcip3511.o
 .text.USB_DeviceLpc3511IpTokenUpdate
                0x0000518a       0xb6 ./usb/device/source/lpcip3511/usb_device_lpcip3511.o
 .text.USB_DeviceLpc3511IpInterruptToken
                0x00005240      0x32c ./usb/device/source/lpcip3511/usb_device_lpcip3511.o
 .text.USB_DeviceLpc3511IpInterruptReset
                0x0000556c       0x42 ./usb/device/source/lpcip3511/usb_device_lpcip3511.o
 .text.USB_DeviceLpc3511IpGetActualBufferAndPrime
                0x000055ae      0x10e ./usb/device/source/lpcip3511/usb_device_lpcip3511.o
 .text.USB_DeviceLpc3511IpTransaction
                0x000056bc       0xfe ./usb/device/source/lpcip3511/usb_device_lpcip3511.o
 .text.USB_DeviceLpc3511IpSend
                0x000057ba       0x76 ./usb/device/source/lpcip3511/usb_device_lpcip3511.o
                0x000057ba                USB_DeviceLpc3511IpSend
 .text.USB_DeviceLpc3511IpRecv
                0x00005830       0x26 ./usb/device/source/lpcip3511/usb_device_lpcip3511.o
                0x00005830                USB_DeviceLpc3511IpRecv
 .text.USB_DeviceLpc3511IpCancel
                0x00005856      0x316 ./usb/device/source/lpcip3511/usb_device_lpcip3511.o
                0x00005856                USB_DeviceLpc3511IpCancel
 .text.USB_DeviceLpc3511IpControlPreSetDeviceAddress
                0x00005b6c       0x58 ./usb/device/source/lpcip3511/usb_device_lpcip3511.o
 .text.USB_DeviceLpcIp3511IsrFunction
                0x00005bc4      0x158 ./usb/device/source/lpcip3511/usb_device_lpcip3511.o
                0x00005bc4                USB_DeviceLpcIp3511IsrFunction
 .text.USB_DeviceCh9GetStatus
                0x00005d1c      0x10a ./usb/device/source/usb_device_ch9.o
 .text.USB_DeviceCh9SetClearFeature
                0x00005e26      0x10c ./usb/device/source/usb_device_ch9.o
 .text.USB_DeviceCh9SetAddress
                0x00005f32       0xca ./usb/device/source/usb_device_ch9.o
 .text.USB_DeviceCh9GetDescriptor
                0x00005ffc      0x132 ./usb/device/source/usb_device_ch9.o
 .text.USB_DeviceCh9GetConfiguration
                0x0000612e       0x8e ./usb/device/source/usb_device_ch9.o
 .text.USB_DeviceCh9SetConfiguration
                0x000061bc       0xb6 ./usb/device/source/usb_device_ch9.o
 .text.USB_DeviceCh9GetInterface
                0x00006272       0x9c ./usb/device/source/usb_device_ch9.o
 .text.USB_DeviceCh9SetInterface
                0x0000630e       0x90 ./usb/device/source/usb_device_ch9.o
 .text.USB_DeviceCh9SynchFrame
                0x0000639e       0x90 ./usb/device/source/usb_device_ch9.o
 .text.USB_DeviceControlCallbackFeedback
                0x0000642e       0x96 ./usb/device/source/usb_device_ch9.o
 .text.USB_DeviceFreeHandle
                0x000064c4       0x36 ./usb/device/source/usb_device_dci.o
 .text.USB_DeviceTransfer
                0x000064fa      0x10e ./usb/device/source/usb_device_dci.o
 .text.USB_DeviceControl
                0x00006608       0x48 ./usb/device/source/usb_device_dci.o
 .text.USB_DeviceResetNotification
                0x00006650       0x98 ./usb/device/source/usb_device_dci.o
 .text.USB_DeviceNotification
                0x000066e8      0x102 ./usb/device/source/usb_device_dci.o
 .text.USB_DeviceNotificationTrigger
                0x000067ea       0x40 ./usb/device/source/usb_device_dci.o
                0x000067ea                USB_DeviceNotificationTrigger
 .text.USB_DeviceInit
                0x0000682a      0x166 ./usb/device/source/usb_device_dci.o
                0x0000682a                USB_DeviceInit
 .text.USB_DeviceRun
                0x00006990       0x1c ./usb/device/source/usb_device_dci.o
                0x00006990                USB_DeviceRun
 .text.USB_DeviceDeinit
                0x000069ac       0x42 ./usb/device/source/usb_device_dci.o
                0x000069ac                USB_DeviceDeinit
 .text.USB_DeviceSendRequest
                0x000069ee       0x32 ./usb/device/source/usb_device_dci.o
                0x000069ee                USB_DeviceSendRequest
 .text.USB_DeviceRecvRequest
                0x00006a20       0x2c ./usb/device/source/usb_device_dci.o
                0x00006a20                USB_DeviceRecvRequest
 .text.USB_DeviceInitEndpoint
                0x00006a4c       0xbe ./usb/device/source/usb_device_dci.o
                0x00006a4c                USB_DeviceInitEndpoint
 .text.USB_DeviceDeinitEndpoint
                0x00006b0a       0xac ./usb/device/source/usb_device_dci.o
                0x00006b0a                USB_DeviceDeinitEndpoint
 .text.USB_DeviceStallEndpoint
                0x00006bb6       0x30 ./usb/device/source/usb_device_dci.o
                0x00006bb6                USB_DeviceStallEndpoint
 .text.USB_DeviceUnstallEndpoint
                0x00006be6       0x30 ./usb/device/source/usb_device_dci.o
                0x00006be6                USB_DeviceUnstallEndpoint
 .text.USB_DeviceCdcAcmFreeHandle
                0x00006c16       0x32 ./usb/device/class/cdc/usb_device_cdc_acm.o
 .text.USB_DeviceCdcAcmInterruptIn
                0x00006c48       0x54 ./usb/device/class/cdc/usb_device_cdc_acm.o
 .text.USB_DeviceCdcAcmBulkIn
                0x00006c9c       0x54 ./usb/device/class/cdc/usb_device_cdc_acm.o
 .text.USB_DeviceCdcAcmBulkOut
                0x00006cf0       0x54 ./usb/device/class/cdc/usb_device_cdc_acm.o
 .text.USB_DeviceCdcAcmEndpointsDeinit
                0x00006d44       0xae ./usb/device/class/cdc/usb_device_cdc_acm.o
 .text.USB_DeviceCdcAcmInit
                0x00006df2       0xaa ./usb/device/class/cdc/usb_device_cdc_acm.o
                0x00006df2                USB_DeviceCdcAcmInit
 .text.USB_DeviceCdcAcmDeinit
                0x00006e9c       0x4e ./usb/device/class/cdc/usb_device_cdc_acm.o
                0x00006e9c                USB_DeviceCdcAcmDeinit
 .text.USB_DeviceCdcAcmSend
                0x00006eea       0xa4 ./usb/device/class/cdc/usb_device_cdc_acm.o
                0x00006eea                USB_DeviceCdcAcmSend
 .text.USB_DeviceCdcAcmRecv
                0x00006f8e       0x78 ./usb/device/class/cdc/usb_device_cdc_acm.o
                0x00006f8e                USB_DeviceCdcAcmRecv
 .text.USB_DeviceClassCallback
                0x00007006       0x5e ./usb/device/class/usb_device_class.o
                0x00007006                USB_DeviceClassCallback
 .text.WDT_BOD_IRQHandler
                0x00007064        0x8 ./startup/startup_lpc55s69_cm33_core0.o
                0x00007064                WDT_BOD_IRQHandler
 .text.DMA0_IRQHandler
                0x0000706c        0x8 ./startup/startup_lpc55s69_cm33_core0.o
                0x0000706c                DMA0_IRQHandler
 .text.GINT0_IRQHandler
                0x00007074        0x8 ./startup/startup_lpc55s69_cm33_core0.o
                0x00007074                GINT0_IRQHandler
 .text.GINT1_IRQHandler
                0x0000707c        0x8 ./startup/startup_lpc55s69_cm33_core0.o
                0x0000707c                GINT1_IRQHandler
 .text.PIN_INT0_IRQHandler
                0x00007084        0x8 ./startup/startup_lpc55s69_cm33_core0.o
                0x00007084                PIN_INT0_IRQHandler
 .text.PIN_INT1_IRQHandler
                0x0000708c        0x8 ./startup/startup_lpc55s69_cm33_core0.o
                0x0000708c                PIN_INT1_IRQHandler
 .text.PIN_INT2_IRQHandler
                0x00007094        0x8 ./startup/startup_lpc55s69_cm33_core0.o
                0x00007094                PIN_INT2_IRQHandler
 .text.PIN_INT3_IRQHandler
                0x0000709c        0x8 ./startup/startup_lpc55s69_cm33_core0.o
                0x0000709c                PIN_INT3_IRQHandler
 .text.UTICK0_IRQHandler
                0x000070a4        0x8 ./startup/startup_lpc55s69_cm33_core0.o
                0x000070a4                UTICK0_IRQHandler
 .text.MRT0_IRQHandler
                0x000070ac        0x8 ./startup/startup_lpc55s69_cm33_core0.o
                0x000070ac                MRT0_IRQHandler
 .text.CTIMER0_IRQHandler
                0x000070b4        0x8 ./startup/startup_lpc55s69_cm33_core0.o
                0x000070b4                CTIMER0_IRQHandler
 .text.CTIMER1_IRQHandler
                0x000070bc        0x8 ./startup/startup_lpc55s69_cm33_core0.o
                0x000070bc                CTIMER1_IRQHandler
 .text.SCT0_IRQHandler
                0x000070c4        0x8 ./startup/startup_lpc55s69_cm33_core0.o
                0x000070c4                SCT0_IRQHandler
 .text.CTIMER3_IRQHandler
                0x000070cc        0x8 ./startup/startup_lpc55s69_cm33_core0.o
                0x000070cc                CTIMER3_IRQHandler
 .text.FLEXCOMM0_IRQHandler
                0x000070d4        0x8 ./startup/startup_lpc55s69_cm33_core0.o
                0x000070d4                FLEXCOMM0_IRQHandler
 .text.FLEXCOMM1_IRQHandler
                0x000070dc        0x8 ./startup/startup_lpc55s69_cm33_core0.o
                0x000070dc                FLEXCOMM1_IRQHandler
 .text.FLEXCOMM2_IRQHandler
                0x000070e4        0x8 ./startup/startup_lpc55s69_cm33_core0.o
                0x000070e4                FLEXCOMM2_IRQHandler
 .text.FLEXCOMM3_IRQHandler
                0x000070ec        0x8 ./startup/startup_lpc55s69_cm33_core0.o
                0x000070ec                FLEXCOMM3_IRQHandler
 .text.FLEXCOMM4_IRQHandler
                0x000070f4        0x8 ./startup/startup_lpc55s69_cm33_core0.o
                0x000070f4                FLEXCOMM4_IRQHandler
 .text.FLEXCOMM5_IRQHandler
                0x000070fc        0x8 ./startup/startup_lpc55s69_cm33_core0.o
                0x000070fc                FLEXCOMM5_IRQHandler
 .text.FLEXCOMM6_IRQHandler
                0x00007104        0x8 ./startup/startup_lpc55s69_cm33_core0.o
                0x00007104                FLEXCOMM6_IRQHandler
 .text.FLEXCOMM7_IRQHandler
                0x0000710c        0x8 ./startup/startup_lpc55s69_cm33_core0.o
                0x0000710c                FLEXCOMM7_IRQHandler
 .text.ADC0_IRQHandler
                0x00007114        0x8 ./startup/startup_lpc55s69_cm33_core0.o
                0x00007114                ADC0_IRQHandler
 .text.Reserved39_IRQHandler
                0x0000711c        0x8 ./startup/startup_lpc55s69_cm33_core0.o
                0x0000711c                Reserved39_IRQHandler
 .text.ACMP_IRQHandler
                0x00007124        0x8 ./startup/startup_lpc55s69_cm33_core0.o
                0x00007124                ACMP_IRQHandler
 .text.Reserved41_IRQHandler
                0x0000712c        0x8 ./startup/startup_lpc55s69_cm33_core0.o
                0x0000712c                Reserved41_IRQHandler
 .text.Reserved42_IRQHandler
                0x00007134        0x8 ./startup/startup_lpc55s69_cm33_core0.o
                0x00007134                Reserved42_IRQHandler
 .text.USB0_NEEDCLK_IRQHandler
                0x0000713c        0x8 ./startup/startup_lpc55s69_cm33_core0.o
                0x0000713c                USB0_NEEDCLK_IRQHandler
 .text.RTC_IRQHandler
                0x00007144        0x8 ./startup/startup_lpc55s69_cm33_core0.o
                0x00007144                RTC_IRQHandler
 .text.Reserved46_IRQHandler
                0x0000714c        0x8 ./startup/startup_lpc55s69_cm33_core0.o
                0x0000714c                Reserved46_IRQHandler
 .text.MAILBOX_IRQHandler
                0x00007154        0x8 ./startup/startup_lpc55s69_cm33_core0.o
                0x00007154                MAILBOX_IRQHandler
 .text.PIN_INT4_IRQHandler
                0x0000715c        0x8 ./startup/startup_lpc55s69_cm33_core0.o
                0x0000715c                PIN_INT4_IRQHandler
 .text.PIN_INT5_IRQHandler
                0x00007164        0x8 ./startup/startup_lpc55s69_cm33_core0.o
                0x00007164                PIN_INT5_IRQHandler
 .text.PIN_INT6_IRQHandler
                0x0000716c        0x8 ./startup/startup_lpc55s69_cm33_core0.o
                0x0000716c                PIN_INT6_IRQHandler
 .text.PIN_INT7_IRQHandler
                0x00007174        0x8 ./startup/startup_lpc55s69_cm33_core0.o
                0x00007174                PIN_INT7_IRQHandler
 .text.CTIMER2_IRQHandler
                0x0000717c        0x8 ./startup/startup_lpc55s69_cm33_core0.o
                0x0000717c                CTIMER2_IRQHandler
 .text.CTIMER4_IRQHandler
                0x00007184        0x8 ./startup/startup_lpc55s69_cm33_core0.o
                0x00007184                CTIMER4_IRQHandler
 .text.OS_EVENT_IRQHandler
                0x0000718c        0x8 ./startup/startup_lpc55s69_cm33_core0.o
                0x0000718c                OS_EVENT_IRQHandler
 .text.Reserved55_IRQHandler
                0x00007194        0x8 ./startup/startup_lpc55s69_cm33_core0.o
                0x00007194                Reserved55_IRQHandler
 .text.Reserved56_IRQHandler
                0x0000719c        0x8 ./startup/startup_lpc55s69_cm33_core0.o
                0x0000719c                Reserved56_IRQHandler
 .text.Reserved57_IRQHandler
                0x000071a4        0x8 ./startup/startup_lpc55s69_cm33_core0.o
                0x000071a4                Reserved57_IRQHandler
 .text.SDIO_IRQHandler
                0x000071ac        0x8 ./startup/startup_lpc55s69_cm33_core0.o
                0x000071ac                SDIO_IRQHandler
 .text.Reserved59_IRQHandler
                0x000071b4        0x8 ./startup/startup_lpc55s69_cm33_core0.o
                0x000071b4                Reserved59_IRQHandler
 .text.Reserved60_IRQHandler
                0x000071bc        0x8 ./startup/startup_lpc55s69_cm33_core0.o
                0x000071bc                Reserved60_IRQHandler
 .text.Reserved61_IRQHandler
                0x000071c4        0x8 ./startup/startup_lpc55s69_cm33_core0.o
                0x000071c4                Reserved61_IRQHandler
 .text.USB1_PHY_IRQHandler
                0x000071cc        0x8 ./startup/startup_lpc55s69_cm33_core0.o
                0x000071cc                USB1_PHY_IRQHandler
 .text.USB1_IRQHandler
                0x000071d4        0x8 ./startup/startup_lpc55s69_cm33_core0.o
                0x000071d4                USB1_IRQHandler
 .text.USB1_NEEDCLK_IRQHandler
                0x000071dc        0x8 ./startup/startup_lpc55s69_cm33_core0.o
                0x000071dc                USB1_NEEDCLK_IRQHandler
 .text.SEC_HYPERVISOR_CALL_IRQHandler
                0x000071e4        0x8 ./startup/startup_lpc55s69_cm33_core0.o
                0x000071e4                SEC_HYPERVISOR_CALL_IRQHandler
 .text.SEC_GPIO_INT0_IRQ0_IRQHandler
                0x000071ec        0x8 ./startup/startup_lpc55s69_cm33_core0.o
                0x000071ec                SEC_GPIO_INT0_IRQ0_IRQHandler
 .text.SEC_GPIO_INT0_IRQ1_IRQHandler
                0x000071f4        0x8 ./startup/startup_lpc55s69_cm33_core0.o
                0x000071f4                SEC_GPIO_INT0_IRQ1_IRQHandler
 .text.PLU_IRQHandler
                0x000071fc        0x8 ./startup/startup_lpc55s69_cm33_core0.o
                0x000071fc                PLU_IRQHandler
 .text.SEC_VIO_IRQHandler
                0x00007204        0x8 ./startup/startup_lpc55s69_cm33_core0.o
                0x00007204                SEC_VIO_IRQHandler
 .text.HASHCRYPT_IRQHandler
                0x0000720c        0x8 ./startup/startup_lpc55s69_cm33_core0.o
                0x0000720c                HASHCRYPT_IRQHandler
 .text.CASER_IRQHandler
                0x00007214        0x8 ./startup/startup_lpc55s69_cm33_core0.o
                0x00007214                CASER_IRQHandler
 .text.PUF_IRQHandler
                0x0000721c        0x8 ./startup/startup_lpc55s69_cm33_core0.o
                0x0000721c                PUF_IRQHandler
 .text.PQ_IRQHandler
                0x00007224        0x8 ./startup/startup_lpc55s69_cm33_core0.o
                0x00007224                PQ_IRQHandler
 .text.DMA1_IRQHandler
                0x0000722c        0x8 ./startup/startup_lpc55s69_cm33_core0.o
                0x0000722c                DMA1_IRQHandler
 .text.FLEXCOMM8_IRQHandler
                0x00007234        0x8 ./startup/startup_lpc55s69_cm33_core0.o
                0x00007234                FLEXCOMM8_IRQHandler
 .text.HardFault_Handler
                0x0000723c       0x2c ./source/semihost_hardfault.o
                0x0000723c                HardFault_Handler
 .text.CLOCK_EnableClock
                0x00007268       0x30 ./source/virtual_com.o
 .text.CLOCK_DisableClock
                0x00007298       0x30 ./source/virtual_com.o
 .text.EnableIRQ
                0x000072c8       0x32 ./source/virtual_com.o
 .text.USB_DeviceClockInit
                0x000072fa       0x40 ./source/virtual_com.o
                0x000072fa                USB_DeviceClockInit
 .text.USB_DeviceIsrEnable
                0x0000733a       0x2c ./source/virtual_com.o
                0x0000733a                USB_DeviceIsrEnable
 .text.CLOCK_EnableClock
                0x00007366       0x30 ./drivers/fsl_clock.o
 .text.CLOCK_DisableClock
                0x00007396       0x30 ./drivers/fsl_clock.o
 .text.CLOCK_IsPLL0Locked
                0x000073c6       0x24 ./drivers/fsl_clock.o
 .text.CLOCK_IsPLL1Locked
                0x000073ea       0x24 ./drivers/fsl_clock.o
 .text.findPll0PreDiv
                0x0000740e       0x3e ./drivers/fsl_clock.o
 .text.findPll1PreDiv
                0x0000744c       0x3e ./drivers/fsl_clock.o
 .text.DelayLoop
                0x0000748a       0x20 ./drivers/fsl_common_arm.o
 .text.CLOCK_EnableClock
                0x000074aa       0x30 ./drivers/fsl_flexcomm.o
 .text.FLEXCOMM_PeripheralIsPresent
                0x000074da       0x64 ./drivers/fsl_flexcomm.o
 .text.FLEXCOMM_SetPeriph
                0x0000753e       0x74 ./drivers/fsl_flexcomm.o
 .text.lowpower_set_voltage_for_process
                0x000075b2       0xaa ./drivers/fsl_power.o
 .text.RESET_PeripheralReset
                0x0000765c       0x1c ./drivers/fsl_reset.o
                0x0000765c                RESET_PeripheralReset
 .text.USART_EnableContinuousSCLK
                0x00007678       0x38 ./drivers/fsl_usart.o
 .text.SystemInitHook
                0x000076b0        0xe ./device/system_LPC55S69_cm33_core0.o
                0x000076b0                SystemInitHook
 .text.HAL_UartGetStatus
                0x000076be       0x22 ./component/uart/fsl_adapter_usart.o
 .text.HAL_UartInit
                0x000076e0       0x36 ./component/uart/fsl_adapter_usart.o
                0x000076e0                HAL_UartInit
 .text.DisableGlobalIRQ
                0x00007716       0x22 ./component/osa/fsl_os_abstraction_bm.o
 .text.EnableGlobalIRQ
                0x00007738       0x20 ./component/osa/fsl_os_abstraction_bm.o
 .text.OSA_EnterCritical
                0x00007758       0x1a ./component/osa/fsl_os_abstraction_bm.o
                0x00007758                OSA_EnterCritical
 .text.OSA_ExitCritical
                0x00007772       0x16 ./component/osa/fsl_os_abstraction_bm.o
                0x00007772                OSA_ExitCritical
 .text.BOARD_InitBootClocks
                0x00007788        0xc ./board/clock_config.o
                0x00007788                BOARD_InitBootClocks
 .text.CLOCK_EnableClock
                0x00007794       0x30 ./board/pin_mux.o
 .text.IOCON_PinMuxSet
                0x000077c4       0x2e ./board/pin_mux.o
 .text.BOARD_InitBootPins
                0x000077f2        0xc ./board/pin_mux.o
                0x000077f2                BOARD_InitBootPins
 .text.__main   0x000077fe        0xe c:/nxp/mcuxpressoide_11.5.0_7232/ide/plugins/com.nxp.mcuxpresso.tools.win32_11.5.0.202107051138/tools/bin/../lib/gcc/arm-none-eabi/10.3.1/../../../../arm-none-eabi/lib/thumb/v8-m.main+fp/hard\libcr_nohost_nf.a(_cr__main.o)
                0x000077fe                __main
 .text.memcpy   0x0000780c        0x4 c:/nxp/mcuxpressoide_11.5.0_7232/ide/plugins/com.nxp.mcuxpresso.tools.win32_11.5.0.202107051138/tools/bin/../lib/gcc/arm-none-eabi/10.3.1/../../../../arm-none-eabi/lib/thumb/v8-m.main+fp/hard\libcr_c.a(memcpy.o)
                0x0000780c                memcpy
 .text.memset   0x00007810        0x4 c:/nxp/mcuxpressoide_11.5.0_7232/ide/plugins/com.nxp.mcuxpresso.tools.win32_11.5.0.202107051138/tools/bin/../lib/gcc/arm-none-eabi/10.3.1/../../../../arm-none-eabi/lib/thumb/v8-m.main+fp/hard\libcr_c.a(memset.o)
                0x00007810                memset
 .text.free     0x00007814       0x30 c:/nxp/mcuxpressoide_11.5.0_7232/ide/plugins/com.nxp.mcuxpresso.tools.win32_11.5.0.202107051138/tools/bin/../lib/gcc/arm-none-eabi/10.3.1/../../../../arm-none-eabi/lib/thumb/v8-m.main+fp/hard\libcr_c.a(alloc.o)
                0x00007814                free
 .text.setvbuf  0x00007844       0x3e c:/nxp/mcuxpressoide_11.5.0_7232/ide/plugins/com.nxp.mcuxpresso.tools.win32_11.5.0.202107051138/tools/bin/../lib/gcc/arm-none-eabi/10.3.1/../../../../arm-none-eabi/lib/thumb/v8-m.main+fp/hard\libcr_c.a(setvbuf.o)
                0x00007844                setvbuf
 .text.strlen   0x00007882       0x48 c:/nxp/mcuxpressoide_11.5.0_7232/ide/plugins/com.nxp.mcuxpresso.tools.win32_11.5.0.202107051138/tools/bin/../lib/gcc/arm-none-eabi/10.3.1/../../../../arm-none-eabi/lib/thumb/v8-m.main+fp/hard\libcr_c.a(strlen.o)
                0x00007882                strlen
 .text._fdopen  0x000078ca       0x68 c:/nxp/mcuxpressoide_11.5.0_7232/ide/plugins/com.nxp.mcuxpresso.tools.win32_11.5.0.202107051138/tools/bin/../lib/gcc/arm-none-eabi/10.3.1/../../../../arm-none-eabi/lib/thumb/v8-m.main+fp/hard\libcr_c.a(_fdopen.o)
                0x000078ca                _fdopen
 .text.fclose   0x00007932       0x58 c:/nxp/mcuxpressoide_11.5.0_7232/ide/plugins/com.nxp.mcuxpresso.tools.win32_11.5.0.202107051138/tools/bin/../lib/gcc/arm-none-eabi/10.3.1/../../../../arm-none-eabi/lib/thumb/v8-m.main+fp/hard\libcr_c.a(fclose.o)
                0x00007932                fclose
 .text.remove   0x0000798a       0x14 c:/nxp/mcuxpressoide_11.5.0_7232/ide/plugins/com.nxp.mcuxpresso.tools.win32_11.5.0.202107051138/tools/bin/../lib/gcc/arm-none-eabi/10.3.1/../../../../arm-none-eabi/lib/thumb/v8-m.main+fp/hard\libcr_c.a(remove.o)
                0x0000798a                remove
 .text._do_fflush
                0x0000799e       0x40 c:/nxp/mcuxpressoide_11.5.0_7232/ide/plugins/com.nxp.mcuxpresso.tools.win32_11.5.0.202107051138/tools/bin/../lib/gcc/arm-none-eabi/10.3.1/../../../../arm-none-eabi/lib/thumb/v8-m.main+fp/hard\libcr_c.a(_do_fflush.o)
                0x0000799e                _do_fflush
 .text._fflush  0x000079de       0x52 c:/nxp/mcuxpressoide_11.5.0_7232/ide/plugins/com.nxp.mcuxpresso.tools.win32_11.5.0.202107051138/tools/bin/../lib/gcc/arm-none-eabi/10.3.1/../../../../arm-none-eabi/lib/thumb/v8-m.main+fp/hard\libcr_c.a(_fflush.o)
                0x000079de                _fflush
 .text._deferredlazyseek
                0x00007a30       0x40 c:/nxp/mcuxpressoide_11.5.0_7232/ide/plugins/com.nxp.mcuxpresso.tools.win32_11.5.0.202107051138/tools/bin/../lib/gcc/arm-none-eabi/10.3.1/../../../../arm-none-eabi/lib/thumb/v8-m.main+fp/hard\libcr_c.a(_deferredlazyseek.o)
                0x00007a30                _deferredlazyseek
 .text.__aeabi_division_uldivmod
                0x00007a70      0x174 c:/nxp/mcuxpressoide_11.5.0_7232/ide/plugins/com.nxp.mcuxpresso.tools.win32_11.5.0.202107051138/tools/bin/../lib/gcc/arm-none-eabi/10.3.1/thumb/v8-m.main+fp/hard\libcr_eabihelpers.a(division_64.o)
                0x00007a70                __aeabi_uldivmod
                0x00007a74                __bhs_ldivmod1
 .text.__aeabi_division_idiv0
                0x00007be4        0x2 c:/nxp/mcuxpressoide_11.5.0_7232/ide/plugins/com.nxp.mcuxpresso.tools.win32_11.5.0.202107051138/tools/bin/../lib/gcc/arm-none-eabi/10.3.1/thumb/v8-m.main+fp/hard\libcr_eabihelpers.a(division_idiv0.o)
                0x00007be4                __aeabi_idiv0
 .text.__aeabi_memcpy
                0x00007be6       0x34 c:/nxp/mcuxpressoide_11.5.0_7232/ide/plugins/com.nxp.mcuxpresso.tools.win32_11.5.0.202107051138/tools/bin/../lib/gcc/arm-none-eabi/10.3.1/thumb/v8-m.main+fp/hard\libcr_eabihelpers.a(memcpy.o)
                0x00007be6                __aeabi_memcpy
                0x00007bf0                __aeabi_memcpy8
                0x00007bf0                __aeabi_memcpy4
 .text.__aeabi_memset_lowlevel
                0x00007c1a       0x32 c:/nxp/mcuxpressoide_11.5.0_7232/ide/plugins/com.nxp.mcuxpresso.tools.win32_11.5.0.202107051138/tools/bin/../lib/gcc/arm-none-eabi/10.3.1/thumb/v8-m.main+fp/hard\libcr_eabihelpers.a(memcpy.o)
                0x00007c1a                __aeabi_lowlevel_memset
 .text.__sys_close
                0x00007c4c        0x6 c:/nxp/mcuxpressoide_11.5.0_7232/ide/plugins/com.nxp.mcuxpresso.tools.win32_11.5.0.202107051138/tools/bin/../lib/gcc/arm-none-eabi/10.3.1/../../../../arm-none-eabi/lib/thumb/v8-m.main+fp/hard\libcr_nohost_nf.a(__sys_close.o)
                0x00007c4c                __sys_close
 .text.__sys_flen
                0x00007c52        0x6 c:/nxp/mcuxpressoide_11.5.0_7232/ide/plugins/com.nxp.mcuxpresso.tools.win32_11.5.0.202107051138/tools/bin/../lib/gcc/arm-none-eabi/10.3.1/../../../../arm-none-eabi/lib/thumb/v8-m.main+fp/hard\libcr_nohost_nf.a(__sys_flen.o)
                0x00007c52                __sys_flen
 .text.__sys_istty
                0x00007c58        0x6 c:/nxp/mcuxpressoide_11.5.0_7232/ide/plugins/com.nxp.mcuxpresso.tools.win32_11.5.0.202107051138/tools/bin/../lib/gcc/arm-none-eabi/10.3.1/../../../../arm-none-eabi/lib/thumb/v8-m.main+fp/hard\libcr_nohost_nf.a(__sys_istty.o)
                0x00007c58                __sys_istty
 .text.__sys_remove
                0x00007c5e        0x6 c:/nxp/mcuxpressoide_11.5.0_7232/ide/plugins/com.nxp.mcuxpresso.tools.win32_11.5.0.202107051138/tools/bin/../lib/gcc/arm-none-eabi/10.3.1/../../../../arm-none-eabi/lib/thumb/v8-m.main+fp/hard\libcr_nohost_nf.a(__sys_remove.o)
                0x00007c5e                __sys_remove
 .text.__sys_seek
                0x00007c64        0x6 c:/nxp/mcuxpressoide_11.5.0_7232/ide/plugins/com.nxp.mcuxpresso.tools.win32_11.5.0.202107051138/tools/bin/../lib/gcc/arm-none-eabi/10.3.1/../../../../arm-none-eabi/lib/thumb/v8-m.main+fp/hard\libcr_nohost_nf.a(__sys_seek.o)
                0x00007c64                __sys_seek
 .text.__sys_tmpnam
                0x00007c6a        0x6 c:/nxp/mcuxpressoide_11.5.0_7232/ide/plugins/com.nxp.mcuxpresso.tools.win32_11.5.0.202107051138/tools/bin/../lib/gcc/arm-none-eabi/10.3.1/../../../../arm-none-eabi/lib/thumb/v8-m.main+fp/hard\libcr_nohost_nf.a(__sys_tmpnam.o)
                0x00007c6a                __sys_tmpnam
 .text.__sys_write
                0x00007c70        0x4 c:/nxp/mcuxpressoide_11.5.0_7232/ide/plugins/com.nxp.mcuxpresso.tools.win32_11.5.0.202107051138/tools/bin/../lib/gcc/arm-none-eabi/10.3.1/../../../../arm-none-eabi/lib/thumb/v8-m.main+fp/hard\libcr_nohost_nf.a(__sys_write.o)
                0x00007c70                __sys_write
 *(SORT_BY_ALIGNMENT(.rodata) SORT_BY_ALIGNMENT(.rodata.*) SORT_BY_ALIGNMENT(.constdata) SORT_BY_ALIGNMENT(.constdata.*))
 .rodata.__assertion_failed.str1.4
                0x00007c74       0x14 ./utilities/fsl_assert.o
 .rodata.s_UsbDeviceStandardRequest
                0x00007c88       0x34 ./usb/device/source/usb_device_ch9.o
 .rodata.s_UsbDeviceLpc3511IpInterface
                0x00007cbc       0x18 ./usb/device/source/usb_device_dci.o
 .rodata.s_UsbDeviceClassInterfaceMap
                0x00007cd4       0x20 ./usb/device/class/usb_device_class.o
 .rodata.USB_DeviceCdcVcomCallback.str1.4
                0x00007cf4       0x2e ./source/virtual_com.o
 *fill*         0x00007d22        0x2 ff
 .rodata.APPInit.str1.4
                0x00007d24       0x48 ./source/virtual_com.o
 .rodata.APPTask.str1.4
                0x00007d6c       0x11 ./source/virtual_com.o
 *fill*         0x00007d7d        0x3 ff
 .rodata.SDK_DelayAtLeastUs.str1.4
                0x00007d80       0x2b ./drivers/fsl_common_arm.o
 *fill*         0x00007dab        0x1 ff
 .rodata.s_flexcommBaseAddrs
                0x00007dac       0x24 ./drivers/fsl_flexcomm.o
 .rodata.s_flexcommClocks
                0x00007dd0       0x12 ./drivers/fsl_flexcomm.o
 *fill*         0x00007de2        0x2 ff
 .rodata.s_flexcommResets
                0x00007de4       0x24 ./drivers/fsl_flexcomm.o
 .rodata.FLEXCOMM_GetInstance.str1.4
                0x00007e08       0x42 ./drivers/fsl_flexcomm.o
 *fill*         0x00007e4a        0x2 ff
 .rodata.FLEXCOMM0_DriverIRQHandler.str1.4
                0x00007e4c       0x3c ./drivers/fsl_flexcomm.o
 .rodata.FLEXCOMM1_DriverIRQHandler.str1.4
                0x00007e88       0x3c ./drivers/fsl_flexcomm.o
 .rodata.FLEXCOMM2_DriverIRQHandler.str1.4
                0x00007ec4       0x3c ./drivers/fsl_flexcomm.o
 .rodata.FLEXCOMM3_DriverIRQHandler.str1.4
                0x00007f00       0x3c ./drivers/fsl_flexcomm.o
 .rodata.FLEXCOMM4_DriverIRQHandler.str1.4
                0x00007f3c       0x3c ./drivers/fsl_flexcomm.o
 .rodata.FLEXCOMM5_DriverIRQHandler.str1.4
                0x00007f78       0x3c ./drivers/fsl_flexcomm.o
 .rodata.FLEXCOMM6_DriverIRQHandler.str1.4
                0x00007fb4       0x3c ./drivers/fsl_flexcomm.o
 .rodata.FLEXCOMM7_DriverIRQHandler.str1.4
                0x00007ff0       0x3c ./drivers/fsl_flexcomm.o
 .rodata.FLEXCOMM8_DriverIRQHandler.str1.4
                0x0000802c       0x3c ./drivers/fsl_flexcomm.o
 .rodata.RESET_SetPeripheralReset.str1.4
                0x00008068       0x1e ./drivers/fsl_reset.o
 *fill*         0x00008086        0x2 ff
 .rodata.RESET_ClearPeripheralReset.str1.4
                0x00008088       0x1e ./drivers/fsl_reset.o
 *fill*         0x000080a6        0x2 ff
 .rodata.USART_Init.str1.4
                0x000080a8       0x4f ./drivers/fsl_usart.o
 *fill*         0x000080f7        0x1 ff
 .rodata.USART_GetDefaultConfig.str1.4
                0x000080f8       0x21 ./drivers/fsl_usart.o
 *fill*         0x00008119        0x3 ff
 .rodata.USART_SetBaudRate.str1.4
                0x0000811c       0x53 ./drivers/fsl_usart.o
 *fill*         0x0000816f        0x1 ff
 .rodata.USART_WriteBlocking.str1.4
                0x00008170       0x36 ./drivers/fsl_usart.o
 *fill*         0x000081a6        0x2 ff
 .rodata.USART_ReadBlocking.str1.4
                0x000081a8       0x36 ./drivers/fsl_usart.o
 *fill*         0x000081de        0x2 ff
 .rodata.s_UsartAdapterBase
                0x000081e0       0x20 ./component/uart/fsl_adapter_usart.o
 .rodata.HAL_UartInitCommon.str1.4
                0x00008200       0xeb ./component/uart/fsl_adapter_usart.o
 *fill*         0x000082eb        0x1 ff
 .rodata.HAL_UartReceiveBlocking.str1.4
                0x000082ec       0x65 ./component/uart/fsl_adapter_usart.o
 *fill*         0x00008351        0x3 ff
 .rodata.HAL_UartSendBlocking.str1.4
                0x00008354       0x65 ./component/uart/fsl_adapter_usart.o
 *fill*         0x000083b9        0x3 ff
 .rodata.OSA_MutexCreate.str1.4
                0x000083bc       0x2a ./component/osa/fsl_os_abstraction_bm.o
 *fill*         0x000083e6        0x2 ff
 .rodata.OSA_MutexDestroy.str1.4
                0x000083e8       0x2a ./component/osa/fsl_os_abstraction_bm.o
 *fill*         0x00008412        0x2 ff
 .rodata.__num_Ciob_streams
                0x00008414        0x4 c:/nxp/mcuxpressoide_11.5.0_7232/ide/plugins/com.nxp.mcuxpresso.tools.win32_11.5.0.202107051138/tools/bin/../lib/gcc/arm-none-eabi/10.3.1/../../../../arm-none-eabi/lib/thumb/v8-m.main+fp/hard\libcr_nohost_nf.a(__ciob.o)
                0x00008414                __num_Ciob_streams
 .rodata._initio.str1.1
                0x00008418        0x4 c:/nxp/mcuxpressoide_11.5.0_7232/ide/plugins/com.nxp.mcuxpresso.tools.win32_11.5.0.202107051138/tools/bin/../lib/gcc/arm-none-eabi/10.3.1/../../../../arm-none-eabi/lib/thumb/v8-m.main+fp/hard\libcr_c.a(initio.o)
                0x0000841c                . = ALIGN (0x4)

.glue_7         0x0000841c        0x0
 .glue_7        0x0000841c        0x0 linker stubs

.glue_7t        0x0000841c        0x0
 .glue_7t       0x0000841c        0x0 linker stubs

.vfp11_veneer   0x0000841c        0x0
 .vfp11_veneer  0x0000841c        0x0 linker stubs

.v4_bx          0x0000841c        0x0
 .v4_bx         0x0000841c        0x0 linker stubs

.iplt           0x0000841c        0x0
 .iplt          0x0000841c        0x0 ./utilities/fsl_assert.o

.rel.dyn        0x0000841c        0x0
 .rel.iplt      0x0000841c        0x0 ./utilities/fsl_assert.o

.ARM.extab
 *(SORT_BY_ALIGNMENT(.ARM.extab*) SORT_BY_ALIGNMENT(.gnu.linkonce.armextab.*))

.ARM.exidx      0x0000841c        0x0
                0x0000841c                __exidx_start = .
 *(SORT_BY_ALIGNMENT(.ARM.exidx*) SORT_BY_ALIGNMENT(.gnu.linkonce.armexidx.*))
                0x0000841c                __exidx_end = .
                0x0000841c                _etext = .

.m_usb_data     0x40100000     0x3528
 *(SORT_BY_ALIGNMENT(m_usb_global))
 m_usb_global   0x40100000     0x3450 ./usb/device/source/lpcip3511/usb_device_lpcip3511.o
 m_usb_global   0x40103450       0x70 ./usb/device/source/usb_device_dci.o
 m_usb_global   0x401034c0       0x50 ./usb/device/class/cdc/usb_device_cdc_acm.o
 m_usb_global   0x40103510       0x18 ./usb/device/class/usb_device_class.o

.data_RAM2      0x04000000        0x0 load address 0x0000841c
 FILL mask 0xff
                [!provide]                PROVIDE (__start_data_RAM2 = .)
                [!provide]                PROVIDE (__start_data_SRAMX = .)
 *(SORT_BY_ALIGNMENT(.ramfunc.$RAM2))
 *(SORT_BY_ALIGNMENT(.ramfunc.$SRAMX))
 *(SORT_BY_ALIGNMENT(.data.$RAM2))
 *(SORT_BY_ALIGNMENT(.data.$SRAMX))
 *(SORT_BY_ALIGNMENT(.data.$RAM2.*))
 *(SORT_BY_ALIGNMENT(.data.$SRAMX.*))
                0x04000000                . = ALIGN (0x4)
                [!provide]                PROVIDE (__end_data_RAM2 = .)
                [!provide]                PROVIDE (__end_data_SRAMX = .)

.data_RAM3      0x40103528        0x0 load address 0x0000841c
 FILL mask 0xff
                [!provide]                PROVIDE (__start_data_RAM3 = .)
                [!provide]                PROVIDE (__start_data_USB_RAM = .)
 *(SORT_BY_ALIGNMENT(.ramfunc.$RAM3))
 *(SORT_BY_ALIGNMENT(.ramfunc.$USB_RAM))
 *(SORT_BY_ALIGNMENT(.data.$RAM3))
 *(SORT_BY_ALIGNMENT(.data.$USB_RAM))
 *(SORT_BY_ALIGNMENT(.data.$RAM3.*))
 *(SORT_BY_ALIGNMENT(.data.$USB_RAM.*))
                0x40103528                . = ALIGN (0x4)
                [!provide]                PROVIDE (__end_data_RAM3 = .)
                [!provide]                PROVIDE (__end_data_USB_RAM = .)

.data_RAM4      0x20040000        0x0 load address 0x0000841c
 FILL mask 0xff
                [!provide]                PROVIDE (__start_data_RAM4 = .)
                [!provide]                PROVIDE (__start_data_SRAM4 = .)
 *(SORT_BY_ALIGNMENT(.ramfunc.$RAM4))
 *(SORT_BY_ALIGNMENT(.ramfunc.$SRAM4))
 *(SORT_BY_ALIGNMENT(.data.$RAM4))
 *(SORT_BY_ALIGNMENT(.data.$SRAM4))
 *(SORT_BY_ALIGNMENT(.data.$RAM4.*))
 *(SORT_BY_ALIGNMENT(.data.$SRAM4.*))
                0x20040000                . = ALIGN (0x4)
                [!provide]                PROVIDE (__end_data_RAM4 = .)
                [!provide]                PROVIDE (__end_data_SRAM4 = .)

.uninit_RESERVED
                0x20000000        0x0
                0x20000000                _start_uninit_RESERVED = .
 *(SORT_BY_ALIGNMENT(.bss.$RESERVED*))
                0x20000000                . = ALIGN (0x4)
                0x20000000                _end_uninit_RESERVED = .

.data           0x20000000      0x168 load address 0x0000841c
 FILL mask 0xff
                0x20000000                _data = .
                [!provide]                PROVIDE (__start_data_RAM = .)
                [!provide]                PROVIDE (__start_data_SRAM = .)
 *(SORT_BY_ALIGNMENT(vtable))
 *(SORT_BY_ALIGNMENT(.ramfunc*))
 *(SORT_BY_ALIGNMENT(CodeQuickAccess))
 *(SORT_BY_ALIGNMENT(DataQuickAccess))
 *(SORT_BY_ALIGNMENT(RamFunction))
 *(SORT_BY_ALIGNMENT(.data*))
 .data.g_UsbDeviceCdcVcomCicEndpoints
                0x20000000        0x6 ./source/usb_device_descriptor.o
                0x20000000                g_UsbDeviceCdcVcomCicEndpoints
 *fill*         0x20000006        0x2 ff
 .data.g_UsbDeviceCdcVcomDicEndpoints
                0x20000008        0xc ./source/usb_device_descriptor.o
                0x20000008                g_UsbDeviceCdcVcomDicEndpoints
 .data.g_UsbDeviceCdcVcomCommunicationInterface
                0x20000014       0x10 ./source/usb_device_descriptor.o
                0x20000014                g_UsbDeviceCdcVcomCommunicationInterface
 .data.g_UsbDeviceCdcVcomDataInterface
                0x20000024       0x10 ./source/usb_device_descriptor.o
                0x20000024                g_UsbDeviceCdcVcomDataInterface
 .data.g_UsbDeviceCdcVcomInterfaces
                0x20000034       0x18 ./source/usb_device_descriptor.o
                0x20000034                g_UsbDeviceCdcVcomInterfaces
 .data.g_UsbDeviceCdcVcomInterfaceList
                0x2000004c        0x8 ./source/usb_device_descriptor.o
                0x2000004c                g_UsbDeviceCdcVcomInterfaceList
 .data.g_UsbDeviceCdcVcomConfig
                0x20000054        0x8 ./source/usb_device_descriptor.o
                0x20000054                g_UsbDeviceCdcVcomConfig
 .data.g_UsbDeviceDescriptor
                0x2000005c       0x12 ./source/usb_device_descriptor.o
                0x2000005c                g_UsbDeviceDescriptor
 *fill*         0x2000006e        0x2 ff
 .data.g_UsbDeviceConfigurationDescriptor
                0x20000070       0x43 ./source/usb_device_descriptor.o
                0x20000070                g_UsbDeviceConfigurationDescriptor
 *fill*         0x200000b3        0x1 ff
 .data.g_UsbDeviceString0
                0x200000b4        0x4 ./source/usb_device_descriptor.o
                0x200000b4                g_UsbDeviceString0
 .data.g_UsbDeviceString1
                0x200000b8       0x26 ./source/usb_device_descriptor.o
                0x200000b8                g_UsbDeviceString1
 *fill*         0x200000de        0x2 ff
 .data.g_UsbDeviceString2
                0x200000e0       0x2a ./source/usb_device_descriptor.o
                0x200000e0                g_UsbDeviceString2
 *fill*         0x2000010a        0x2 ff
 .data.g_UsbDeviceStringDescriptorArray
                0x2000010c        0xc ./source/usb_device_descriptor.o
                0x2000010c                g_UsbDeviceStringDescriptorArray
 .data.g_UsbDeviceStringDescriptorLength
                0x20000118        0xc ./source/usb_device_descriptor.o
                0x20000118                g_UsbDeviceStringDescriptorLength
 .data.g_UsbDeviceLanguage
                0x20000124        0xc ./source/usb_device_descriptor.o
                0x20000124                g_UsbDeviceLanguage
 .data.g_UsbDeviceLanguageList
                0x20000130       0x10 ./source/usb_device_descriptor.o
                0x20000130                g_UsbDeviceLanguageList
 .data.s_lineCoding
                0x20000140        0x7 ./source/virtual_com.o
 *fill*         0x20000147        0x1 ff
 .data.s_cdcAcmConfig
                0x20000148        0xc ./source/virtual_com.o
 .data.s_cdcAcmConfigList
                0x20000154        0xc ./source/virtual_com.o
 .data.s_Ext_Clk_Freq
                0x20000160        0x4 ./drivers/fsl_clock.o
 .data.SystemCoreClock
                0x20000164        0x4 ./device/system_LPC55S69_cm33_core0.o
                0x20000164                SystemCoreClock
                0x20000168                . = ALIGN (0x4)
                0x20000168                _edata = .
                [!provide]                PROVIDE (__end_data_RAM = .)
                [!provide]                PROVIDE (__end_data_SRAM = .)

.igot.plt       0x20000168        0x0 load address 0x00008584
 .igot.plt      0x20000168        0x0 ./utilities/fsl_assert.o

.bss_RAM2       0x04000000        0x0
                [!provide]                PROVIDE (__start_bss_RAM2 = .)
                [!provide]                PROVIDE (__start_bss_SRAMX = .)
 *(SORT_BY_ALIGNMENT(.bss.$RAM2))
 *(SORT_BY_ALIGNMENT(.bss.$SRAMX))
 *(SORT_BY_ALIGNMENT(.bss.$RAM2.*))
 *(SORT_BY_ALIGNMENT(.bss.$SRAMX.*))
                0x04000000                . = ALIGN ((. != 0x0)?0x4:0x1)
                [!provide]                PROVIDE (__end_bss_RAM2 = .)
                [!provide]                PROVIDE (__end_bss_SRAMX = .)

.bss_RAM3       0x40103528        0x0
                [!provide]                PROVIDE (__start_bss_RAM3 = .)
                [!provide]                PROVIDE (__start_bss_USB_RAM = .)
 *(SORT_BY_ALIGNMENT(.bss.$RAM3))
 *(SORT_BY_ALIGNMENT(.bss.$USB_RAM))
 *(SORT_BY_ALIGNMENT(.bss.$RAM3.*))
 *(SORT_BY_ALIGNMENT(.bss.$USB_RAM.*))
                0x40103528                . = ALIGN ((. != 0x0)?0x4:0x1)
                [!provide]                PROVIDE (__end_bss_RAM3 = .)
                [!provide]                PROVIDE (__end_bss_USB_RAM = .)

.bss_RAM4       0x20040000        0x0
                [!provide]                PROVIDE (__start_bss_RAM4 = .)
                [!provide]                PROVIDE (__start_bss_SRAM4 = .)
 *(SORT_BY_ALIGNMENT(.bss.$RAM4))
 *(SORT_BY_ALIGNMENT(.bss.$SRAM4))
 *(SORT_BY_ALIGNMENT(.bss.$RAM4.*))
 *(SORT_BY_ALIGNMENT(.bss.$SRAM4.*))
                0x20040000                . = ALIGN ((. != 0x0)?0x4:0x1)
                [!provide]                PROVIDE (__end_bss_RAM4 = .)
                [!provide]                PROVIDE (__end_bss_SRAM4 = .)

.bss            0x20000168      0x320
                0x20000168                _bss = .
                [!provide]                PROVIDE (__start_bss_RAM = .)
                [!provide]                PROVIDE (__start_bss_SRAM = .)
 *(SORT_BY_ALIGNMENT(.bss*))
 .bss.s_debugConsole
                0x20000168       0x14 ./utilities/fsl_debug_console.o
 .bss.s_EpReservedBufferBits
                0x2000017c       0x1a ./usb/device/source/lpcip3511/usb_device_lpcip3511.o
 *fill*         0x20000196        0x2 
 .bss.s_UsbDeviceLpc3511IpState
                0x20000198      0x134 ./usb/device/source/lpcip3511/usb_device_lpcip3511.o
 .bss.s_cdcVcom
                0x200002cc       0x10 ./source/virtual_com.o
                0x200002cc                s_cdcVcom
 .bss.s_abstractState
                0x200002dc        0x2 ./source/virtual_com.o
 *fill*         0x200002de        0x2 
 .bss.s_countryCode
                0x200002e0        0x2 ./source/virtual_com.o
 *fill*         0x200002e2        0x2 
 .bss.s_usbCdcAcmInfo
                0x200002e4       0x12 ./source/virtual_com.o
 *fill*         0x200002f6        0x2 
 .bss.s_currRecvBuf
                0x200002f8       0x40 ./source/virtual_com.o
 .bss.s_currSendBuf
                0x20000338       0x40 ./source/virtual_com.o
 .bss.s_recvSize
                0x20000378        0x4 ./source/virtual_com.o
 .bss.s_sendSize
                0x2000037c        0x4 ./source/virtual_com.o
 .bss.s_Pll0_Freq
                0x20000380        0x4 ./drivers/fsl_clock.o
 .bss.s_Pll1_Freq
                0x20000384        0x4 ./drivers/fsl_clock.o
 .bss.s_flexcommIrqHandler
                0x20000388       0x24 ./drivers/fsl_flexcomm.o
 .bss.s_flexcommHandle
                0x200003ac       0x24 ./drivers/fsl_flexcomm.o
 .bss.errno     0x200003d0        0x4 c:/nxp/mcuxpressoide_11.5.0_7232/ide/plugins/com.nxp.mcuxpresso.tools.win32_11.5.0.202107051138/tools/bin/../lib/gcc/arm-none-eabi/10.3.1/../../../../arm-none-eabi/lib/thumb/v8-m.main+fp/hard\libcr_c.a(errno.o)
                0x200003d0                errno
 .bss.__Ciob    0x200003d4       0xb4 c:/nxp/mcuxpressoide_11.5.0_7232/ide/plugins/com.nxp.mcuxpresso.tools.win32_11.5.0.202107051138/tools/bin/../lib/gcc/arm-none-eabi/10.3.1/../../../../arm-none-eabi/lib/thumb/v8-m.main+fp/hard\libcr_nohost_nf.a(__ciob.o)
                0x200003d4                __Ciob
 *(SORT_BY_ALIGNMENT(COMMON))
                0x20000488                . = ALIGN (0x4)
                0x20000488                _ebss = .
                [!provide]                PROVIDE (__end_bss_RAM = .)
                [!provide]                PROVIDE (__end_bss_SRAM = .)
                [!provide]                PROVIDE (end = .)

.noinit_RAM2    0x04000000        0x0
                [!provide]                PROVIDE (__start_noinit_RAM2 = .)
                [!provide]                PROVIDE (__start_noinit_SRAMX = .)
 *(SORT_BY_ALIGNMENT(.noinit.$RAM2))
 *(SORT_BY_ALIGNMENT(.noinit.$SRAMX))
 *(SORT_BY_ALIGNMENT(.noinit.$RAM2.*))
 *(SORT_BY_ALIGNMENT(.noinit.$SRAMX.*))
                0x04000000                . = ALIGN (0x4)
                [!provide]                PROVIDE (__end_noinit_RAM2 = .)
                [!provide]                PROVIDE (__end_noinit_SRAMX = .)

.noinit_RAM3    0x40103528        0x0
                [!provide]                PROVIDE (__start_noinit_RAM3 = .)
                [!provide]                PROVIDE (__start_noinit_USB_RAM = .)
 *(SORT_BY_ALIGNMENT(.noinit.$RAM3))
 *(SORT_BY_ALIGNMENT(.noinit.$USB_RAM))
 *(SORT_BY_ALIGNMENT(.noinit.$RAM3.*))
 *(SORT_BY_ALIGNMENT(.noinit.$USB_RAM.*))
                0x40103528                . = ALIGN (0x4)
                [!provide]                PROVIDE (__end_noinit_RAM3 = .)
                [!provide]                PROVIDE (__end_noinit_USB_RAM = .)

.noinit_RAM4    0x20040000        0x0
                [!provide]                PROVIDE (__start_noinit_RAM4 = .)
                [!provide]                PROVIDE (__start_noinit_SRAM4 = .)
 *(SORT_BY_ALIGNMENT(.noinit.$RAM4))
 *(SORT_BY_ALIGNMENT(.noinit.$SRAM4))
 *(SORT_BY_ALIGNMENT(.noinit.$RAM4.*))
 *(SORT_BY_ALIGNMENT(.noinit.$SRAM4.*))
                0x20040000                . = ALIGN (0x4)
                [!provide]                PROVIDE (__end_noinit_RAM4 = .)
                [!provide]                PROVIDE (__end_noinit_SRAM4 = .)

.noinit         0x20000488        0x0
                0x20000488                _noinit = .
                [!provide]                PROVIDE (__start_noinit_RAM = .)
                [!provide]                PROVIDE (__start_noinit_SRAM = .)
 *(SORT_BY_ALIGNMENT(.noinit*))
                0x20000488                . = ALIGN (0x4)
                0x20000488                _end_noinit = .
                [!provide]                PROVIDE (__end_noinit_RAM = .)
                [!provide]                PROVIDE (__end_noinit_SRAM = .)
                0x00001000                _HeapSize = 0x1000

.heap           0x20000488     0x1000
                0x20000488                _pvHeapStart = .
                0x20001488                . = (. + _HeapSize)
 *fill*         0x20000488     0x1000 
                0x20001488                . = ALIGN (0x4)
                0x20001488                _pvHeapLimit = .
                0x00002000                _StackSize = 0x2000

.heap2stackfill
                0x20001488     0x2000
                0x20003488                . = (. + _StackSize)
 *fill*         0x20001488     0x2000 

.stack          0x2003e000        0x0
                0x2003e000                _vStackBase = .
                0x2003e000                . = ALIGN (0x4)
                0x20040000                _vStackTop = (. + _StackSize)
                [!provide]                PROVIDE (__valid_user_code_checksum = (0x0 - ((((((_vStackTop + (ResetISR + 0x1)) + (NMI_Handler + 0x1)) + (HardFault_Handler + 0x1)) + (DEFINED (MemManage_Handler)?MemManage_Handler:0x0 + 0x1)) + (DEFINED (BusFault_Handler)?BusFault_Handler:0x0 + 0x1)) + (DEFINED (UsageFault_Handler)?UsageFault_Handler:0x0 + 0x1))))
                0x00000000                _image_start = LOADADDR (.text)
                0x00008584                _image_end = (LOADADDR (.data) + SIZEOF (.data))
                0x00008584                _image_size = (_image_end - _image_start)
OUTPUT(lpcxpresso55s69_dev_cdc_vcom_bm_test2.axf elf32-littlearm)
LOAD linker stubs

.debug_info     0x00000000    0x1b53e
 .debug_info    0x00000000       0xaa ./utilities/fsl_assert.o
 .debug_info    0x000000aa      0xcf3 ./utilities/fsl_debug_console.o
 .debug_info    0x00000d9d     0x190c ./usb/device/source/lpcip3511/usb_device_lpcip3511.o
 .debug_info    0x000026a9     0x158a ./usb/device/source/usb_device_ch9.o
 .debug_info    0x00003c33     0x12bf ./usb/device/source/usb_device_dci.o
 .debug_info    0x00004ef2     0x112b ./usb/device/class/cdc/usb_device_cdc_acm.o
 .debug_info    0x0000601d      0xea5 ./usb/device/class/usb_device_class.o
 .debug_info    0x00006ec2      0x707 ./startup/startup_lpc55s69_cm33_core0.o
 .debug_info    0x000075c9       0x3c ./source/semihost_hardfault.o
 .debug_info    0x00007605      0xed5 ./source/usb_device_descriptor.o
 .debug_info    0x000084da     0x3176 ./source/virtual_com.o
 .debug_info    0x0000b650     0x332f ./drivers/fsl_clock.o
 .debug_info    0x0000e97f       0xf5 ./drivers/fsl_common_arm.o
 .debug_info    0x0000ea74     0x1adf ./drivers/fsl_flexcomm.o
 .debug_info    0x00010553     0x2a56 ./drivers/fsl_power.o
 .debug_info    0x00012fa9      0xee3 ./drivers/fsl_reset.o
 .debug_info    0x00013e8c     0x1773 ./drivers/fsl_usart.o
 .debug_info    0x000155ff     0x14af ./device/system_LPC55S69_cm33_core0.o
 .debug_info    0x00016aae      0xc47 ./component/uart/fsl_adapter_usart.o
 .debug_info    0x000176f5      0xfdf ./component/osa/fsl_os_abstraction_bm.o
 .debug_info    0x000186d4      0x7fe ./board/board.o
 .debug_info    0x00018ed2     0x16e2 ./board/clock_config.o
 .debug_info    0x0001a5b4      0xf8a ./board/pin_mux.o

.debug_abbrev   0x00000000     0x2e93
 .debug_abbrev  0x00000000       0x66 ./utilities/fsl_assert.o
 .debug_abbrev  0x00000066      0x260 ./utilities/fsl_debug_console.o
 .debug_abbrev  0x000002c6      0x316 ./usb/device/source/lpcip3511/usb_device_lpcip3511.o
 .debug_abbrev  0x000005dc      0x209 ./usb/device/source/usb_device_ch9.o
 .debug_abbrev  0x000007e5      0x1dc ./usb/device/source/usb_device_dci.o
 .debug_abbrev  0x000009c1      0x1e8 ./usb/device/class/cdc/usb_device_cdc_acm.o
 .debug_abbrev  0x00000ba9      0x1d8 ./usb/device/class/usb_device_class.o
 .debug_abbrev  0x00000d81      0x165 ./startup/startup_lpc55s69_cm33_core0.o
 .debug_abbrev  0x00000ee6       0x31 ./source/semihost_hardfault.o
 .debug_abbrev  0x00000f17      0x1b2 ./source/usb_device_descriptor.o
 .debug_abbrev  0x000010c9      0x394 ./source/virtual_com.o
 .debug_abbrev  0x0000145d      0x374 ./drivers/fsl_clock.o
 .debug_abbrev  0x000017d1       0x92 ./drivers/fsl_common_arm.o
 .debug_abbrev  0x00001863      0x2c0 ./drivers/fsl_flexcomm.o
 .debug_abbrev  0x00001b23      0x335 ./drivers/fsl_power.o
 .debug_abbrev  0x00001e58      0x15a ./drivers/fsl_reset.o
 .debug_abbrev  0x00001fb2      0x302 ./drivers/fsl_usart.o
 .debug_abbrev  0x000022b4      0x1fa ./device/system_LPC55S69_cm33_core0.o
 .debug_abbrev  0x000024ae      0x1e0 ./component/uart/fsl_adapter_usart.o
 .debug_abbrev  0x0000268e      0x371 ./component/osa/fsl_os_abstraction_bm.o
 .debug_abbrev  0x000029ff       0xd1 ./board/board.o
 .debug_abbrev  0x00002ad0      0x1ea ./board/clock_config.o
 .debug_abbrev  0x00002cba      0x1d9 ./board/pin_mux.o

.debug_aranges  0x00000000      0xe78
 .debug_aranges
                0x00000000       0x20 ./utilities/fsl_assert.o
 .debug_aranges
                0x00000020       0x78 ./utilities/fsl_debug_console.o
 .debug_aranges
                0x00000098       0xd8 ./usb/device/source/lpcip3511/usb_device_lpcip3511.o
 .debug_aranges
                0x00000170       0x78 ./usb/device/source/usb_device_ch9.o
 .debug_aranges
                0x000001e8       0xc8 ./usb/device/source/usb_device_dci.o
 .debug_aranges
                0x000002b0       0x78 ./usb/device/class/cdc/usb_device_cdc_acm.o
 .debug_aranges
                0x00000328       0x68 ./usb/device/class/usb_device_class.o
 .debug_aranges
                0x00000390      0x268 ./startup/startup_lpc55s69_cm33_core0.o
 .debug_aranges
                0x000005f8       0x20 ./source/semihost_hardfault.o
 .debug_aranges
                0x00000618       0x38 ./source/usb_device_descriptor.o
 .debug_aranges
                0x00000650       0x98 ./source/virtual_com.o
 .debug_aranges
                0x000006e8      0x228 ./drivers/fsl_clock.o
 .debug_aranges
                0x00000910       0x28 ./drivers/fsl_common_arm.o
 .debug_aranges
                0x00000938       0x90 ./drivers/fsl_flexcomm.o
 .debug_aranges
                0x000009c8       0xc8 ./drivers/fsl_power.o
 .debug_aranges
                0x00000a90       0x30 ./drivers/fsl_reset.o
 .debug_aranges
                0x00000ac0       0xf8 ./drivers/fsl_usart.o
 .debug_aranges
                0x00000bb8       0x88 ./device/system_LPC55S69_cm33_core0.o
 .debug_aranges
                0x00000c40       0x58 ./component/uart/fsl_adapter_usart.o
 .debug_aranges
                0x00000c98      0x130 ./component/osa/fsl_os_abstraction_bm.o
 .debug_aranges
                0x00000dc8       0x28 ./board/board.o
 .debug_aranges
                0x00000df0       0x50 ./board/clock_config.o
 .debug_aranges
                0x00000e40       0x38 ./board/pin_mux.o

.debug_ranges   0x00000000      0xd38
 .debug_ranges  0x00000000       0x10 ./utilities/fsl_assert.o
 .debug_ranges  0x00000010       0x68 ./utilities/fsl_debug_console.o
 .debug_ranges  0x00000078       0xc8 ./usb/device/source/lpcip3511/usb_device_lpcip3511.o
 .debug_ranges  0x00000140       0x68 ./usb/device/source/usb_device_ch9.o
 .debug_ranges  0x000001a8       0xb8 ./usb/device/source/usb_device_dci.o
 .debug_ranges  0x00000260       0x80 ./usb/device/class/cdc/usb_device_cdc_acm.o
 .debug_ranges  0x000002e0       0x58 ./usb/device/class/usb_device_class.o
 .debug_ranges  0x00000338      0x258 ./startup/startup_lpc55s69_cm33_core0.o
 .debug_ranges  0x00000590       0x10 ./source/semihost_hardfault.o
 .debug_ranges  0x000005a0       0x28 ./source/usb_device_descriptor.o
 .debug_ranges  0x000005c8       0xa0 ./source/virtual_com.o
 .debug_ranges  0x00000668      0x218 ./drivers/fsl_clock.o
 .debug_ranges  0x00000880       0x18 ./drivers/fsl_common_arm.o
 .debug_ranges  0x00000898       0x80 ./drivers/fsl_flexcomm.o
 .debug_ranges  0x00000918       0xb8 ./drivers/fsl_power.o
 .debug_ranges  0x000009d0       0x20 ./drivers/fsl_reset.o
 .debug_ranges  0x000009f0       0xe8 ./drivers/fsl_usart.o
 .debug_ranges  0x00000ad8       0x78 ./device/system_LPC55S69_cm33_core0.o
 .debug_ranges  0x00000b50       0x48 ./component/uart/fsl_adapter_usart.o
 .debug_ranges  0x00000b98      0x120 ./component/osa/fsl_os_abstraction_bm.o
 .debug_ranges  0x00000cb8       0x18 ./board/board.o
 .debug_ranges  0x00000cd0       0x40 ./board/clock_config.o
 .debug_ranges  0x00000d10       0x28 ./board/pin_mux.o

.debug_macro    0x00000000    0x17cd2
 .debug_macro   0x00000000      0x14d ./utilities/fsl_assert.o
 .debug_macro   0x0000014d      0xad2 ./utilities/fsl_assert.o
 .debug_macro   0x00000c1f       0x10 ./utilities/fsl_assert.o
 .debug_macro   0x00000c2f       0x1c ./utilities/fsl_assert.o
 .debug_macro   0x00000c4b       0x22 ./utilities/fsl_assert.o
 .debug_macro   0x00000c6d      0x12e ./utilities/fsl_assert.o
 .debug_macro   0x00000d9b      0x5b3 ./utilities/fsl_assert.o
 .debug_macro   0x0000134e       0x22 ./utilities/fsl_assert.o
 .debug_macro   0x00001370       0x10 ./utilities/fsl_assert.o
 .debug_macro   0x00001380       0x46 ./utilities/fsl_assert.o
 .debug_macro   0x000013c6       0x1c ./utilities/fsl_assert.o
 .debug_macro   0x000013e2       0x29 ./utilities/fsl_assert.o
 .debug_macro   0x0000140b       0xfb ./utilities/fsl_assert.o
 .debug_macro   0x00001506     0x1336 ./utilities/fsl_assert.o
 .debug_macro   0x0000283c       0x5e ./utilities/fsl_assert.o
 .debug_macro   0x0000289a       0x2e ./utilities/fsl_assert.o
 .debug_macro   0x000028c8    0x116c8 ./utilities/fsl_assert.o
 .debug_macro   0x00013f90      0x3fd ./utilities/fsl_assert.o
 .debug_macro   0x0001438d       0x7a ./utilities/fsl_assert.o
 .debug_macro   0x00014407       0xa8 ./utilities/fsl_assert.o
 .debug_macro   0x000144af      0x2ca ./utilities/fsl_assert.o
 .debug_macro   0x00014779       0x16 ./utilities/fsl_assert.o
 .debug_macro   0x0001478f       0xd9 ./utilities/fsl_assert.o
 .debug_macro   0x00014868       0x1c ./utilities/fsl_assert.o
 .debug_macro   0x00014884       0x1c ./utilities/fsl_assert.o
 .debug_macro   0x000148a0       0x2e ./utilities/fsl_assert.o
 .debug_macro   0x000148ce      0x173 ./utilities/fsl_debug_console.o
 .debug_macro   0x00014a41       0x16 ./utilities/fsl_debug_console.o
 .debug_macro   0x00014a57       0x10 ./utilities/fsl_debug_console.o
 .debug_macro   0x00014a67       0x28 ./utilities/fsl_debug_console.o
 .debug_macro   0x00014a8f       0xc4 ./utilities/fsl_debug_console.o
 .debug_macro   0x00014b53       0x16 ./utilities/fsl_debug_console.o
 .debug_macro   0x00014b69       0x46 ./utilities/fsl_debug_console.o
 .debug_macro   0x00014baf      0x30f ./usb/device/source/lpcip3511/usb_device_lpcip3511.o
 .debug_macro   0x00014ebe       0xbf ./usb/device/source/lpcip3511/usb_device_lpcip3511.o
 .debug_macro   0x00014f7d       0x34 ./usb/device/source/lpcip3511/usb_device_lpcip3511.o
 .debug_macro   0x00014fb1       0x16 ./usb/device/source/lpcip3511/usb_device_lpcip3511.o
 .debug_macro   0x00014fc7       0x4c ./usb/device/source/lpcip3511/usb_device_lpcip3511.o
 .debug_macro   0x00015013      0x1c8 ./usb/device/source/usb_device_ch9.o
 .debug_macro   0x000151db       0x3a ./usb/device/source/usb_device_ch9.o
 .debug_macro   0x00015215      0x1c4 ./usb/device/source/usb_device_dci.o
 .debug_macro   0x000153d9      0x1cb ./usb/device/class/cdc/usb_device_cdc_acm.o
 .debug_macro   0x000155a4      0x160 ./usb/device/class/cdc/usb_device_cdc_acm.o
 .debug_macro   0x00015704      0x1c8 ./usb/device/class/usb_device_class.o
 .debug_macro   0x000158cc       0x29 ./startup/startup_lpc55s69_cm33_core0.o
 .debug_macro   0x000158f5       0x11 ./source/semihost_hardfault.o
 .debug_macro   0x00015906      0x1c8 ./source/usb_device_descriptor.o
 .debug_macro   0x00015ace      0x2b4 ./source/usb_device_descriptor.o
 .debug_macro   0x00015d82      0x245 ./source/virtual_com.o
 .debug_macro   0x00015fc7       0x34 ./source/virtual_com.o
 .debug_macro   0x00015ffb       0x35 ./source/virtual_com.o
 .debug_macro   0x00016030       0x10 ./source/virtual_com.o
 .debug_macro   0x00016040       0xfe ./source/virtual_com.o
 .debug_macro   0x0001613e      0x1f0 ./source/virtual_com.o
 .debug_macro   0x0001632e       0x5e ./source/virtual_com.o
 .debug_macro   0x0001638c      0x304 ./source/virtual_com.o
 .debug_macro   0x00016690      0x1db ./drivers/fsl_clock.o
 .debug_macro   0x0001686b      0x13c ./drivers/fsl_common_arm.o
 .debug_macro   0x000169a7      0x145 ./drivers/fsl_flexcomm.o
 .debug_macro   0x00016aec       0x10 ./drivers/fsl_flexcomm.o
 .debug_macro   0x00016afc      0x410 ./drivers/fsl_power.o
 .debug_macro   0x00016f0c      0x13c ./drivers/fsl_reset.o
 .debug_macro   0x00017048      0x154 ./drivers/fsl_usart.o
 .debug_macro   0x0001719c       0x1c ./drivers/fsl_usart.o
 .debug_macro   0x000171b8       0xc1 ./device/system_LPC55S69_cm33_core0.o
 .debug_macro   0x00017279      0x151 ./component/uart/fsl_adapter_usart.o
 .debug_macro   0x000173ca       0x22 ./component/uart/fsl_adapter_usart.o
 .debug_macro   0x000173ec      0x184 ./component/osa/fsl_os_abstraction_bm.o
 .debug_macro   0x00017570       0x10 ./component/osa/fsl_os_abstraction_bm.o
 .debug_macro   0x00017580      0x181 ./board/board.o
 .debug_macro   0x00017701      0x15c ./board/clock_config.o
 .debug_macro   0x0001785d      0x2fe ./board/clock_config.o
 .debug_macro   0x00017b5b       0x2f ./board/clock_config.o
 .debug_macro   0x00017b8a      0x148 ./board/pin_mux.o

.debug_line     0x00000000     0xebd9
 .debug_line    0x00000000      0x41f ./utilities/fsl_assert.o
 .debug_line    0x0000041f      0xce0 ./utilities/fsl_debug_console.o
 .debug_line    0x000010ff     0x14c0 ./usb/device/source/lpcip3511/usb_device_lpcip3511.o
 .debug_line    0x000025bf      0xfa8 ./usb/device/source/usb_device_ch9.o
 .debug_line    0x00003567      0xde4 ./usb/device/source/usb_device_dci.o
 .debug_line    0x0000434b     0x116e ./usb/device/class/cdc/usb_device_cdc_acm.o
 .debug_line    0x000054b9      0xc1c ./usb/device/class/usb_device_class.o
 .debug_line    0x000060d5      0x6b1 ./startup/startup_lpc55s69_cm33_core0.o
 .debug_line    0x00006786       0x59 ./source/semihost_hardfault.o
 .debug_line    0x000067df      0x968 ./source/usb_device_descriptor.o
 .debug_line    0x00007147      0xfa4 ./source/virtual_com.o
 .debug_line    0x000080eb     0x17a9 ./drivers/fsl_clock.o
 .debug_line    0x00009894      0x3c9 ./drivers/fsl_common_arm.o
 .debug_line    0x00009c5d      0x66b ./drivers/fsl_flexcomm.o
 .debug_line    0x0000a2c8      0xedc ./drivers/fsl_power.o
 .debug_line    0x0000b1a4      0x422 ./drivers/fsl_reset.o
 .debug_line    0x0000b5c6      0xf27 ./drivers/fsl_usart.o
 .debug_line    0x0000c4ed      0x6cf ./device/system_LPC55S69_cm33_core0.o
 .debug_line    0x0000cbbc      0x5ee ./component/uart/fsl_adapter_usart.o
 .debug_line    0x0000d1aa      0xbb5 ./component/osa/fsl_os_abstraction_bm.o
 .debug_line    0x0000dd5f      0x4d9 ./board/board.o
 .debug_line    0x0000e238      0x51d ./board/clock_config.o
 .debug_line    0x0000e755      0x484 ./board/pin_mux.o

.debug_str      0x00000000    0xc7dc0
 .debug_str     0x00000000    0xb18b2 ./utilities/fsl_assert.o
                              0xb193e (size before relaxing)
 .debug_str     0x000b18b2     0x16c6 ./utilities/fsl_debug_console.o
                              0xb3071 (size before relaxing)
 .debug_str     0x000b2f78     0x61cb ./usb/device/source/lpcip3511/usb_device_lpcip3511.o
                              0xb83f3 (size before relaxing)
 .debug_str     0x000b9143     0x121e ./usb/device/source/usb_device_ch9.o
                              0xb75d0 (size before relaxing)
 .debug_str     0x000ba361      0x2ee ./usb/device/source/usb_device_dci.o
                              0xb748e (size before relaxing)
 .debug_str     0x000ba64f     0x1092 ./usb/device/class/cdc/usb_device_cdc_acm.o
                              0xb77d7 (size before relaxing)
 .debug_str     0x000bb6e1      0x266 ./usb/device/class/usb_device_class.o
                              0xb78ba (size before relaxing)
 .debug_str     0x000bb947      0x680 ./startup/startup_lpc55s69_cm33_core0.o
                               0x355c (size before relaxing)
 .debug_str     0x000bbfc7       0x1f ./source/semihost_hardfault.o
                               0x2e9e (size before relaxing)
 .debug_str     0x000bbfe6     0x16ed ./source/usb_device_descriptor.o
                              0xb868b (size before relaxing)
 .debug_str     0x000bd6d3     0x59c3 ./source/virtual_com.o
                              0xbe754 (size before relaxing)
 .debug_str     0x000c3096     0x1260 ./drivers/fsl_clock.o
                              0xb656a (size before relaxing)
 .debug_str     0x000c42f6       0x82 ./drivers/fsl_common_arm.o
                              0xb1803 (size before relaxing)
 .debug_str     0x000c4378      0x363 ./drivers/fsl_flexcomm.o
                              0xb3c18 (size before relaxing)
 .debug_str     0x000c46db     0x206c ./drivers/fsl_power.o
                              0xb6ae8 (size before relaxing)
 .debug_str     0x000c6747       0xae ./drivers/fsl_reset.o
                              0xb2595 (size before relaxing)
 .debug_str     0x000c67f5      0xc7b ./drivers/fsl_usart.o
                              0xb34cf (size before relaxing)
 .debug_str     0x000c7470      0x12f ./device/system_LPC55S69_cm33_core0.o
                              0xaf96d (size before relaxing)
 .debug_str     0x000c759f      0x10a ./component/uart/fsl_adapter_usart.o
                              0xb2d0f (size before relaxing)
 .debug_str     0x000c76a9      0x590 ./component/osa/fsl_os_abstraction_bm.o
                              0xb3222 (size before relaxing)
 .debug_str     0x000c7c39       0x54 ./board/board.o
                              0xb4267 (size before relaxing)
 .debug_str     0x000c7c8d       0xac ./board/clock_config.o
                              0xb4582 (size before relaxing)
 .debug_str     0x000c7d39       0x87 ./board/pin_mux.o
                              0xb2b17 (size before relaxing)

.comment        0x00000000       0x49
 .comment       0x00000000       0x49 ./utilities/fsl_assert.o
                                 0x4a (size before relaxing)
 .comment       0x00000049       0x4a ./utilities/fsl_debug_console.o
 .comment       0x00000049       0x4a ./usb/device/source/lpcip3511/usb_device_lpcip3511.o
 .comment       0x00000049       0x4a ./usb/device/source/usb_device_ch9.o
 .comment       0x00000049       0x4a ./usb/device/source/usb_device_dci.o
 .comment       0x00000049       0x4a ./usb/device/class/cdc/usb_device_cdc_acm.o
 .comment       0x00000049       0x4a ./usb/device/class/usb_device_class.o
 .comment       0x00000049       0x4a ./startup/startup_lpc55s69_cm33_core0.o
 .comment       0x00000049       0x4a ./source/semihost_hardfault.o
 .comment       0x00000049       0x4a ./source/usb_device_descriptor.o
 .comment       0x00000049       0x4a ./source/virtual_com.o
 .comment       0x00000049       0x4a ./drivers/fsl_clock.o
 .comment       0x00000049       0x4a ./drivers/fsl_common_arm.o
 .comment       0x00000049       0x4a ./drivers/fsl_flexcomm.o
 .comment       0x00000049       0x4a ./drivers/fsl_power.o
 .comment       0x00000049       0x4a ./drivers/fsl_reset.o
 .comment       0x00000049       0x4a ./drivers/fsl_usart.o
 .comment       0x00000049       0x4a ./device/system_LPC55S69_cm33_core0.o
 .comment       0x00000049       0x4a ./component/uart/fsl_adapter_usart.o
 .comment       0x00000049       0x4a ./component/osa/fsl_os_abstraction_bm.o
 .comment       0x00000049       0x4a ./board/board.o
 .comment       0x00000049       0x4a ./board/clock_config.o
 .comment       0x00000049       0x4a ./board/pin_mux.o
 .comment       0x00000049       0x4a c:/nxp/mcuxpressoide_11.5.0_7232/ide/plugins/com.nxp.mcuxpresso.tools.win32_11.5.0.202107051138/tools/bin/../lib/gcc/arm-none-eabi/10.3.1/../../../../arm-none-eabi/lib/thumb/v8-m.main+fp/hard\libcr_nohost_nf.a(_cr__main.o)
 .comment       0x00000049       0x4a c:/nxp/mcuxpressoide_11.5.0_7232/ide/plugins/com.nxp.mcuxpresso.tools.win32_11.5.0.202107051138/tools/bin/../lib/gcc/arm-none-eabi/10.3.1/../../../../arm-none-eabi/lib/thumb/v8-m.main+fp/hard\libcr_c.a(memcpy.o)
 .comment       0x00000049       0x4a c:/nxp/mcuxpressoide_11.5.0_7232/ide/plugins/com.nxp.mcuxpresso.tools.win32_11.5.0.202107051138/tools/bin/../lib/gcc/arm-none-eabi/10.3.1/../../../../arm-none-eabi/lib/thumb/v8-m.main+fp/hard\libcr_c.a(memset.o)
 .comment       0x00000049       0x4a c:/nxp/mcuxpressoide_11.5.0_7232/ide/plugins/com.nxp.mcuxpresso.tools.win32_11.5.0.202107051138/tools/bin/../lib/gcc/arm-none-eabi/10.3.1/../../../../arm-none-eabi/lib/thumb/v8-m.main+fp/hard\libcr_c.a(alloc.o)
 .comment       0x00000049       0x4a c:/nxp/mcuxpressoide_11.5.0_7232/ide/plugins/com.nxp.mcuxpresso.tools.win32_11.5.0.202107051138/tools/bin/../lib/gcc/arm-none-eabi/10.3.1/../../../../arm-none-eabi/lib/thumb/v8-m.main+fp/hard\libcr_c.a(initio.o)
 .comment       0x00000049       0x4a c:/nxp/mcuxpressoide_11.5.0_7232/ide/plugins/com.nxp.mcuxpresso.tools.win32_11.5.0.202107051138/tools/bin/../lib/gcc/arm-none-eabi/10.3.1/../../../../arm-none-eabi/lib/thumb/v8-m.main+fp/hard\libcr_c.a(setvbuf.o)
 .comment       0x00000049       0x4a c:/nxp/mcuxpressoide_11.5.0_7232/ide/plugins/com.nxp.mcuxpresso.tools.win32_11.5.0.202107051138/tools/bin/../lib/gcc/arm-none-eabi/10.3.1/../../../../arm-none-eabi/lib/thumb/v8-m.main+fp/hard\libcr_c.a(strlen.o)
 .comment       0x00000049       0x4a c:/nxp/mcuxpressoide_11.5.0_7232/ide/plugins/com.nxp.mcuxpresso.tools.win32_11.5.0.202107051138/tools/bin/../lib/gcc/arm-none-eabi/10.3.1/../../../../arm-none-eabi/lib/thumb/v8-m.main+fp/hard\libcr_c.a(_fdopen.o)
 .comment       0x00000049       0x4a c:/nxp/mcuxpressoide_11.5.0_7232/ide/plugins/com.nxp.mcuxpresso.tools.win32_11.5.0.202107051138/tools/bin/../lib/gcc/arm-none-eabi/10.3.1/../../../../arm-none-eabi/lib/thumb/v8-m.main+fp/hard\libcr_c.a(errno.o)
 .comment       0x00000049       0x4a c:/nxp/mcuxpressoide_11.5.0_7232/ide/plugins/com.nxp.mcuxpresso.tools.win32_11.5.0.202107051138/tools/bin/../lib/gcc/arm-none-eabi/10.3.1/../../../../arm-none-eabi/lib/thumb/v8-m.main+fp/hard\libcr_c.a(fclose.o)