C:\Users\Baptiste\Documents\ENSEA\3D\S10_011_Projet\IDE\lpcxpresso55s69_dev_cdc_vcom_bm_test2\CMSIS/core_cm33.h:2127:22:__NVIC_EnableIRQ	16	static
C:\Users\Baptiste\Documents\ENSEA\3D\S10_011_Projet\IDE\lpcxpresso55s69_dev_cdc_vcom_bm_test2\CMSIS/core_cm33.h:2218:22:__NVIC_ClearPendingIRQ	16	static
C:\Users\Baptiste\Documents\ENSEA\3D\S10_011_Projet\IDE\lpcxpresso55s69_dev_cdc_vcom_bm_test2\CMSIS/core_cm33.h:2324:22:__NVIC_SetPriority	16	static
C:\Users\Baptiste\Documents\ENSEA\3D\S10_011_Projet\IDE\lpcxpresso55s69_dev_cdc_vcom_bm_test2\drivers/fsl_clock.h:983:20:CLOCK_EnableClock	24	static
C:\Users\Baptiste\Documents\ENSEA\3D\S10_011_Projet\IDE\lpcxpresso55s69_dev_cdc_vcom_bm_test2\drivers/fsl_clock.h:993:20:CLOCK_DisableClock	24	static
C:\Users\Baptiste\Documents\ENSEA\3D\S10_011_Projet\IDE\lpcxpresso55s69_dev_cdc_vcom_bm_test2\drivers/fsl_common_arm.h:499:24:EnableIRQ	24	static
C:\Users\Baptiste\Documents\ENSEA\3D\S10_011_Projet\IDE\lpcxpresso55s69_dev_cdc_vcom_bm_test2\drivers/fsl_power.h:385:20:POWER_DisablePD	16	static
C:\Users\Baptiste\Documents\ENSEA\3D\S10_011_Projet\IDE\lpcxpresso55s69_dev_cdc_vcom_bm_test2\drivers/fsl_power.h:398:20:POWER_SetBodVbatLevel	16	static
../source/virtual_com.c:113:6:USB0_IRQHandler	8	static
../source/virtual_com.c:119:6:USB_DeviceClockInit	16	static
../source/virtual_com.c:136:6:USB_DeviceIsrEnable	16	static
../source/virtual_com.c:160:14:USB_DeviceCdcVcomCallback	48	static
../source/virtual_com.c:386:14:USB_DeviceCallback	40	static
../source/virtual_com.c:504:13:APPInit	8	static
../source/virtual_com.c:537:13:APPTask	24	static
../source/virtual_com.c:576:5:main	8	static
